Component: ARM Compiler 5.06 update 6 (build 750) Tool: armlink [4d35ed]

==============================================================================

Section Cross References

    l6470.o(i.FsSpd_2_Step_s) refers to dfltui.o(.text) for __aeabi_ui2d
    l6470.o(i.FsSpd_2_Step_s) refers to dadd.o(.text) for __aeabi_dadd
    l6470.o(i.FsSpd_2_Step_s) refers to dmul.o(.text) for __aeabi_dmul
    l6470.o(i.FsSpd_2_Step_s) refers to d2f.o(.text) for __aeabi_d2f
    l6470.o(i.L6470_CheckStatusRegisterFlag) refers to l6470.o(i.L6470_GetParam) for L6470_GetParam
    l6470.o(i.L6470_CheckStatusRegisterFlag) refers to l6470.o(.data) for pL6470_StatusRegister
    l6470.o(i.L6470_Config) refers to l6470.o(i.Step_s2_2_Acc) for Step_s2_2_Acc
    l6470.o(i.L6470_Config) refers to l6470.o(i.Step_s2_2_Dec) for Step_s2_2_Dec
    l6470.o(i.L6470_Config) refers to l6470.o(i.Step_s_2_MaxSpeed) for Step_s_2_MaxSpeed
    l6470.o(i.L6470_Config) refers to l6470.o(i.Step_s_2_MinSpeed) for Step_s_2_MinSpeed
    l6470.o(i.L6470_Config) refers to l6470.o(i.Step_s_2_FsSpd) for Step_s_2_FsSpd
    l6470.o(i.L6470_Config) refers to l6470.o(i.Step_s_2_IntSpeed) for Step_s_2_IntSpeed
    l6470.o(i.L6470_Config) refers to l6470.o(i.s_Step_2_StSlp) for s_Step_2_StSlp
    l6470.o(i.L6470_Config) refers to l6470.o(i.s_Step_2_FnSlpAcc) for s_Step_2_FnSlpAcc
    l6470.o(i.L6470_Config) refers to l6470.o(i.s_Step_2_FnSlpDec) for s_Step_2_FnSlpDec
    l6470.o(i.L6470_Config) refers to l6470.o(i.mA_2_OcdTh) for mA_2_OcdTh
    l6470.o(i.L6470_Config) refers to l6470.o(i.mA_2_StallTh) for mA_2_StallTh
    l6470.o(i.L6470_DaisyChainCommand) refers to stm32f4xx_hal_gpio.o(i.HAL_GPIO_WritePin) for HAL_GPIO_WritePin
    l6470.o(i.L6470_DaisyChainCommand) refers to stm32f4xx_hal_spi.o(i.HAL_SPI_TransmitReceive) for HAL_SPI_TransmitReceive
    l6470.o(i.L6470_DaisyChainCommand) refers to l6470.o(.data) for L6470_DaisyChain_HalfPrepared
    l6470.o(i.L6470_DaisyChainCommand) refers to xnucleoihm02a1.o(.bss) for L6470_nCS_GPIO
    l6470.o(i.L6470_DaisyChainCommand) refers to xnucleoihm02a1_interface.o(.bss) for hspi1
    l6470.o(i.L6470_GetParam) refers to l6470.o(i.L6470_PrepareAppCmdPkg) for L6470_PrepareAppCmdPkg
    l6470.o(i.L6470_GetParam) refers to l6470.o(i.L6470_PrepareDaisyChainCommand) for L6470_PrepareDaisyChainCommand
    l6470.o(i.L6470_GetParam) refers to l6470.o(i.L6470_DaisyChainCommand) for L6470_DaisyChainCommand
    l6470.o(i.L6470_GetParam) refers to l6470.o(i.L6470_ExtractReturnedData) for L6470_ExtractReturnedData
    l6470.o(i.L6470_GetParam) refers to l6470.o(.bss) for L6470_AppCmdPkg
    l6470.o(i.L6470_GetParam) refers to l6470.o(.data) for L6470_DaisyChainSpiTxStruct
    l6470.o(i.L6470_GetParam) refers to l6470.o(.constdata) for L6470_Register
    l6470.o(i.L6470_GetRegisterName) refers to l6470.o(.constdata) for L6470_Register
    l6470.o(i.L6470_GetStatus) refers to l6470.o(i.L6470_PrepareAppCmdPkg) for L6470_PrepareAppCmdPkg
    l6470.o(i.L6470_GetStatus) refers to l6470.o(i.L6470_PrepareDaisyChainCommand) for L6470_PrepareDaisyChainCommand
    l6470.o(i.L6470_GetStatus) refers to l6470.o(i.L6470_DaisyChainCommand) for L6470_DaisyChainCommand
    l6470.o(i.L6470_GetStatus) refers to l6470.o(i.L6470_ExtractReturnedData) for L6470_ExtractReturnedData
    l6470.o(i.L6470_GetStatus) refers to l6470.o(.bss) for L6470_AppCmdPkg
    l6470.o(i.L6470_GetStatus) refers to l6470.o(.data) for L6470_DaisyChainSpiTxStruct
    l6470.o(i.L6470_GoHome) refers to l6470.o(i.L6470_PrepareAppCmdPkg) for L6470_PrepareAppCmdPkg
    l6470.o(i.L6470_GoHome) refers to l6470.o(i.L6470_PrepareDaisyChainCommand) for L6470_PrepareDaisyChainCommand
    l6470.o(i.L6470_GoHome) refers to l6470.o(i.L6470_DaisyChainCommand) for L6470_DaisyChainCommand
    l6470.o(i.L6470_GoHome) refers to l6470.o(.bss) for L6470_AppCmdPkg
    l6470.o(i.L6470_GoHome) refers to l6470.o(.data) for L6470_DaisyChainSpiTxStruct
    l6470.o(i.L6470_GoMark) refers to l6470.o(i.L6470_PrepareAppCmdPkg) for L6470_PrepareAppCmdPkg
    l6470.o(i.L6470_GoMark) refers to l6470.o(i.L6470_PrepareDaisyChainCommand) for L6470_PrepareDaisyChainCommand
    l6470.o(i.L6470_GoMark) refers to l6470.o(i.L6470_DaisyChainCommand) for L6470_DaisyChainCommand
    l6470.o(i.L6470_GoMark) refers to l6470.o(.bss) for L6470_AppCmdPkg
    l6470.o(i.L6470_GoMark) refers to l6470.o(.data) for L6470_DaisyChainSpiTxStruct
    l6470.o(i.L6470_GoTo) refers to l6470.o(i.L6470_PrepareAppCmdPkg) for L6470_PrepareAppCmdPkg
    l6470.o(i.L6470_GoTo) refers to l6470.o(i.L6470_PrepareDaisyChainCommand) for L6470_PrepareDaisyChainCommand
    l6470.o(i.L6470_GoTo) refers to l6470.o(i.L6470_DaisyChainCommand) for L6470_DaisyChainCommand
    l6470.o(i.L6470_GoTo) refers to l6470.o(.bss) for L6470_AppCmdPkg
    l6470.o(i.L6470_GoTo) refers to l6470.o(.data) for L6470_DaisyChainSpiTxStruct
    l6470.o(i.L6470_GoToDir) refers to l6470.o(i.L6470_PrepareAppCmdPkg) for L6470_PrepareAppCmdPkg
[...]
    ..\\Src\\NUCLEO-F401RE\\stm32f4xx_it.c   0x00000000   Number         0  stm32f4xx_it.o ABSOLUTE
    ..\\Src\\example.c                       0x00000000   Number         0  example.o ABSOLUTE
    ..\\Src\\example_usart.c                 0x00000000   Number         0  example_usart.o ABSOLUTE
    ..\\Src\\main.c                          0x00000000   Number         0  main.o ABSOLUTE
    cdcmple.s                                0x00000000   Number         0  cdcmple.o ABSOLUTE
    cdrcmple.s                               0x00000000   Number         0  cdrcmple.o ABSOLUTE
    dc.s                                     0x00000000   Number         0  dc.o ABSOLUTE
    handlers.s                               0x00000000   Number         0  handlers.o ABSOLUTE
    init.s                                   0x00000000   Number         0  init.o ABSOLUTE
    RESET                                    0x08000000   Section      404  startup_stm32f401xe.o(RESET)
    .ARM.Collect$$$$00000000                 0x08000194   Section        0  entry.o(.ARM.Collect$$$$00000000)
    .ARM.Collect$$$$00000001                 0x08000194   Section        4  entry2.o(.ARM.Collect$$$$00000001)
    .ARM.Collect$$$$00000004                 0x08000198   Section        4  entry5.o(.ARM.Collect$$$$00000004)
    .ARM.Collect$$$$00000008                 0x0800019c   Section        0  entry7b.o(.ARM.Collect$$$$00000008)
    .ARM.Collect$$$$0000000A                 0x0800019c   Section        0  entry8b.o(.ARM.Collect$$$$0000000A)
    .ARM.Collect$$$$0000000B                 0x0800019c   Section        8  entry9a.o(.ARM.Collect$$$$0000000B)
    .ARM.Collect$$$$0000000D                 0x080001a4   Section        0  entry10a.o(.ARM.Collect$$$$0000000D)
    .ARM.Collect$$$$0000000F                 0x080001a4   Section        0  entry11a.o(.ARM.Collect$$$$0000000F)
    .ARM.Collect$$$$00002712                 0x080001a4   Section        4  entry2.o(.ARM.Collect$$$$00002712)
    __lit__00000000                          0x080001a4   Data           4  entry2.o(.ARM.Collect$$$$00002712)
    .text                                    0x080001a8   Section       36  startup_stm32f401xe.o(.text)
    $v0                                      0x080001a8   Number         0  startup_stm32f401xe.o(.text)
    .text                                    0x080001cc   Section        0  dadd.o(.text)
    .text                                    0x0800031a   Section        0  dmul.o(.text)
    .text                                    0x080003fe   Section        0  ddiv.o(.text)
    .text                                    0x080004dc   Section        0  dfixi.o(.text)
    .text                                    0x0800051a   Section        0  dfixui.o(.text)
    .text                                    0x0800054c   Section        0  f2d.o(.text)
    .text                                    0x08000574   Section       48  cdcmple.o(.text)
    .text                                    0x080005a4   Section        0  d2f.o(.text)
    .text                                    0x080005dc   Section        0  llshl.o(.text)
    .text                                    0x080005fa   Section        0  llushr.o(.text)
    .text                                    0x0800061a   Section        0  llsshr.o(.text)
    .text                                    0x0800063e   Section        0  iusefp.o(.text)
    .text                                    0x0800063e   Section        0  fepilogue.o(.text)
    .text                                    0x080006ac   Section        0  depilogue.o(.text)
    .text                                    0x08000766   Section        0  dscalb.o(.text)
    .text                                    0x08000794   Section        0  dsqrt.o(.text)
    .text                                    0x08000836   Section        0  dflti.o(.text)
    .text                                    0x08000858   Section       48  cdrcmple.o(.text)
    .text                                    0x08000888   Section       36  init.o(.text)
    .text                                    0x080008ac   Section        0  __dczerorl2.o(.text)
    i.BSP_0_Config                           0x08000904   Section        0  xnucleoihm02a1.o(i.BSP_0_Config)
    i.BSP_1_Config                           0x08000918   Section        0  xnucleoihm02a1.o(i.BSP_1_Config)
    i.BSP_2_Config                           0x0800092c   Section        0  xnucleoihm02a1.o(i.BSP_2_Config)
    i.BSP_3_Config                           0x08000940   Section        0  xnucleoihm02a1.o(i.BSP_3_Config)
    i.BSP_Config                             0x08000954   Section        0  xnucleoihm02a1.o(i.BSP_Config)
    i.BSP_GetExpansionBoardHandle            0x08000974   Section        0  xnucleoihm02a1.o(i.BSP_GetExpansionBoardHandle)
    i.BSP_IRQ                                0x080009c0   Section        0  xnucleoihm02a1.o(i.BSP_IRQ)
    i.BSP_Init                               0x080009e4   Section        0  xnucleoihm02a1.o(i.BSP_Init)
    i.BSP_L6470_0_0_Config                   0x08000a04   Section        0  xnucleoihm02a1.o(i.BSP_L6470_0_0_Config)
    i.BSP_L6470_0_1_Config                   0x08000a18   Section        0  xnucleoihm02a1.o(i.BSP_L6470_0_1_Config)
    i.BSP_L6470_1_0_Config                   0x08000a2c   Section        0  xnucleoihm02a1.o(i.BSP_L6470_1_0_Config)
    i.BSP_L6470_1_1_Config                   0x08000a40   Section        0  xnucleoihm02a1.o(i.BSP_L6470_1_1_Config)
    i.BSP_L6470_2_0_Config                   0x08000a54   Section        0  xnucleoihm02a1.o(i.BSP_L6470_2_0_Config)
    i.BSP_L6470_2_1_Config                   0x08000a68   Section        0  xnucleoihm02a1.o(i.BSP_L6470_2_1_Config)
    i.BSP_L6470_3_0_Config                   0x08000a7c   Section        0  xnucleoihm02a1.o(i.BSP_L6470_3_0_Config)
    i.BSP_L6470_3_1_Config                   0x08000a90   Section        0  xnucleoihm02a1.o(i.BSP_L6470_3_1_Config)
    i.BSP_L6470_CheckStatusRegisterFlag      0x08000aa4   Section        0  xnucleoihm02a1.o(i.BSP_L6470_CheckStatusRegisterFlag)
    i.BSP_L6470_GetParam                     0x08000ac2   Section        0  xnucleoihm02a1.o(i.BSP_L6470_GetParam)
    i.BSP_L6470_GetStatus                    0x08000ae0   Section        0  xnucleoihm02a1.o(i.BSP_L6470_GetStatus)
    i.BSP_L6470_GoHome                       0x08000afa   Section        0  xnucleoihm02a1.o(i.BSP_L6470_GoHome)
    i.BSP_L6470_GoMark                       0x08000b10   Section        0  xnucleoihm02a1.o(i.BSP_L6470_GoMark)
    i.BSP_L6470_GoTo                         0x08000b26   Section        0  xnucleoihm02a1.o(i.BSP_L6470_GoTo)
    i.BSP_L6470_GoToDir                      0x08000b40   Section        0  xnucleoihm02a1.o(i.BSP_L6470_GoToDir)
    i.BSP_L6470_GoUntil                      0x08000b62   Section        0  xnucleoihm02a1.o(i.BSP_L6470_GoUntil)
    i.BSP_L6470_HardHiZ                      0x08000b8a   Section        0  xnucleoihm02a1.o(i.BSP_L6470_HardHiZ)
    i.BSP_L6470_HardStop                     0x08000ba0   Section        0  xnucleoihm02a1.o(i.BSP_L6470_HardStop)
    i.BSP_L6470_Init                         0x08000bb8   Section        0  xnucleoihm02a1.o(i.BSP_L6470_Init)
    i.BSP_L6470_Move                         0x08000c38   Section        0  xnucleoihm02a1.o(i.BSP_L6470_Move)
    i.BSP_L6470_ReleaseSW                    0x08000c5a   Section        0  xnucleoihm02a1.o(i.BSP_L6470_ReleaseSW)
    i.BSP_L6470_ResetDevice                  0x08000c7c   Section        0  xnucleoihm02a1.o(i.BSP_L6470_ResetDevice)
    i.BSP_L6470_ResetPos                     0x08000c92   Section        0  xnucleoihm02a1.o(i.BSP_L6470_ResetPos)
    i.BSP_L6470_Run                          0x08000ca8   Section        0  xnucleoihm02a1.o(i.BSP_L6470_Run)
    i.BSP_L6470_SetParam                     0x08000cca   Section        0  xnucleoihm02a1.o(i.BSP_L6470_SetParam)
    i.BSP_L6470_SoftHiZ                      0x08000cec   Section        0  xnucleoihm02a1.o(i.BSP_L6470_SoftHiZ)
    i.BSP_L6470_SoftStop                     0x08000d02   Section        0  xnucleoihm02a1.o(i.BSP_L6470_SoftStop)
    i.BSP_L6470_StepClock                    0x08000d18   Section        0  xnucleoihm02a1.o(i.BSP_L6470_StepClock)
    i.BSP_NUCLEO_GPIO_Init                   0x08000d34   Section        0  xnucleoihm02a1.o(i.BSP_NUCLEO_GPIO_Init)
    i.BSP_Select                             0x08000e34   Section        0  xnucleoihm02a1.o(i.BSP_Select)
    i.EXPBRD_ID                              0x08000e78   Section        0  xnucleoihm02a1.o(i.EXPBRD_ID)
    i.EXTI0_IRQHandler                       0x08000e86   Section        0  stm32f4xx_it.o(i.EXTI0_IRQHandler)
    i.EXTI15_10_IRQHandler                   0x08000e90   Section        0  stm32f4xx_it.o(i.EXTI15_10_IRQHandler)
    i.EXTI1_IRQHandler                       0x08000e9c   Section        0  stm32f4xx_it.o(i.EXTI1_IRQHandler)
    i.EXTI4_IRQHandler                       0x08000ea8   Section        0  stm32f4xx_it.o(i.EXTI4_IRQHandler)
    i.GetMotorParameterInitData              0x08000ecc   Section        0  params.o(i.GetMotorParameterInitData)
    i.HAL_Delay                              0x08000ed4   Section        0  stm32f4xx_hal.o(i.HAL_Delay)
    i.HAL_GPIO_EXTI_Callback                 0x08000eee   Section        0  stm32f4xx_hal_gpio.o(i.HAL_GPIO_EXTI_Callback)
    i.HAL_GPIO_EXTI_IRQHandler               0x08000ef0   Section        0  stm32f4xx_hal_gpio.o(i.HAL_GPIO_EXTI_IRQHandler)
    i.HAL_GPIO_Init                          0x08000f0c   Section        0  stm32f4xx_hal_gpio.o(i.HAL_GPIO_Init)
    i.HAL_GPIO_ReadPin                       0x080012c0   Section        0  stm32f4xx_hal_gpio.o(i.HAL_GPIO_ReadPin)
    i.HAL_GPIO_WritePin                      0x08001324   Section        0  stm32f4xx_hal_gpio.o(i.HAL_GPIO_WritePin)
    i.HAL_GetTick                            0x08001398   Section        0  stm32f4xx_hal.o(i.HAL_GetTick)
    i.HAL_IncTick                            0x080013a4   Section        0  stm32f4xx_hal.o(i.HAL_IncTick)
    i.HAL_Init                               0x080013b4   Section        0  stm32f4xx_hal.o(i.HAL_Init)
    i.HAL_InitTick                           0x080013f0   Section        0  stm32f4xx_hal.o(i.HAL_InitTick)
    i.HAL_MspInit                            0x08001414   Section        0  stm32f4xx_hal_msp.o(i.HAL_MspInit)
    i.HAL_NVIC_DisableIRQ                    0x08001428   Section        0  stm32f4xx_hal_cortex.o(i.HAL_NVIC_DisableIRQ)
    i.HAL_NVIC_EnableIRQ                     0x08001494   Section        0  stm32f4xx_hal_cortex.o(i.HAL_NVIC_EnableIRQ)
    i.HAL_NVIC_SetPriority                   0x08001500   Section        0  stm32f4xx_hal_cortex.o(i.HAL_NVIC_SetPriority)
    i.HAL_NVIC_SetPriorityGrouping           0x080015d8   Section        0  stm32f4xx_hal_cortex.o(i.HAL_NVIC_SetPriorityGrouping)
    i.HAL_RCC_ClockConfig                    0x08001664   Section        0  stm32f4xx_hal_rcc.o(i.HAL_RCC_ClockConfig)
    i.HAL_RCC_GetHCLKFreq                    0x08001ab8   Section        0  stm32f4xx_hal_rcc.o(i.HAL_RCC_GetHCLKFreq)
    i.HAL_RCC_GetPCLK2Freq                   0x08001af0   Section        0  stm32f4xx_hal_rcc.o(i.HAL_RCC_GetPCLK2Freq)
    i.HAL_RCC_GetSysClockFreq                0x08001b1c   Section        0  stm32f4xx_hal_rcc.o(i.HAL_RCC_GetSysClockFreq)
    i.HAL_RCC_OscConfig                      0x08001bd0   Section        0  stm32f4xx_hal_rcc.o(i.HAL_RCC_OscConfig)
    i.HAL_SPI_Init                           0x08002144   Section        0  stm32f4xx_hal_spi.o(i.HAL_SPI_Init)
    i.HAL_SPI_MspInit                        0x08002324   Section        0  stm32f4xx_hal_msp.o(i.HAL_SPI_MspInit)
    i.HAL_SPI_TransmitReceive                0x0800243c   Section        0  stm32f4xx_hal_spi.o(i.HAL_SPI_TransmitReceive)
    i.HAL_SYSTICK_Callback                   0x080027dc   Section        0  stm32f4xx_hal_cortex.o(i.HAL_SYSTICK_Callback)
    i.HAL_SYSTICK_Config                     0x080027de   Section        0  stm32f4xx_hal_cortex.o(i.HAL_SYSTICK_Config)
    i.HAL_SYSTICK_IRQHandler                 0x08002812   Section        0  stm32f4xx_hal_cortex.o(i.HAL_SYSTICK_IRQHandler)
    i.HAL_UART_ErrorCallback                 0x0800281a   Section        0  stm32f4xx_hal_uart.o(i.HAL_UART_ErrorCallback)
    i.HAL_UART_IRQHandler                    0x0800281c   Section        0  stm32f4xx_hal_uart.o(i.HAL_UART_IRQHandler)
    i.HAL_UART_RxCpltCallback                0x0800293c   Section        0  stm32f4xx_hal_uart.o(i.HAL_UART_RxCpltCallback)
    i.HAL_UART_Transmit                      0x0800293e   Section        0  stm32f4xx_hal_uart.o(i.HAL_UART_Transmit)
    i.HAL_UART_TxCpltCallback                0x08002a2e   Section        0  stm32f4xx_hal_uart.o(i.HAL_UART_TxCpltCallback)
    i.L6470_CheckStatusRegisterFlag          0x08002a30   Section        0  l6470.o(i.L6470_CheckStatusRegisterFlag)
    i.L6470_Config                           0x08002b1c   Section        0  l6470.o(i.L6470_Config)
    i.L6470_DaisyChainCommand                0x08002d6c   Section        0  l6470.o(i.L6470_DaisyChainCommand)
    i.L6470_ExtractReturnedData              0x08002de0   Section        0  l6470.o(i.L6470_ExtractReturnedData)
    i.L6470_FillAppCmdPkg                    0x08002e04   Section        0  l6470.o(i.L6470_FillAppCmdPkg)
    i.L6470_GetParam                         0x08002e24   Section        0  l6470.o(i.L6470_GetParam)
    i.L6470_GetStatus                        0x08002e7c   Section        0  l6470.o(i.L6470_GetStatus)
    i.L6470_GoHome                           0x08002ec0   Section        0  l6470.o(i.L6470_GoHome)
    i.L6470_GoMark                           0x08002ef4   Section        0  l6470.o(i.L6470_GoMark)
    i.L6470_GoTo                             0x08002f28   Section        0  l6470.o(i.L6470_GoTo)
    i.L6470_GoToDir                          0x08002f64   Section        0  l6470.o(i.L6470_GoToDir)
    i.L6470_GoUntil                          0x08002fa4   Section        0  l6470.o(i.L6470_GoUntil)
    i.L6470_HardHiZ                          0x08002fe0   Section        0  l6470.o(i.L6470_HardHiZ)
    i.L6470_HardStop                         0x08003014   Section        0  l6470.o(i.L6470_HardStop)
    i.L6470_ID                               0x08003048   Section        0  l6470.o(i.L6470_ID)
    i.L6470_Move                             0x0800305c   Section        0  l6470.o(i.L6470_Move)
    i.L6470_PerformPreparedApplicationCommand 0x08003094   Section        0  l6470.o(i.L6470_PerformPreparedApplicationCommand)
    i.L6470_PrepareAppCmdPkg                 0x080030b8   Section        0  l6470.o(i.L6470_PrepareAppCmdPkg)
    i.L6470_PrepareDaisyChainCommand         0x080030f4   Section        0  l6470.o(i.L6470_PrepareDaisyChainCommand)
    i.L6470_PrepareGetParam                  0x0800337c   Section        0  l6470.o(i.L6470_PrepareGetParam)
    i.L6470_PrepareGetStatus                 0x0800339c   Section        0  l6470.o(i.L6470_PrepareGetStatus)
    i.L6470_PrepareGoHome                    0x080033b8   Section        0  l6470.o(i.L6470_PrepareGoHome)
    i.L6470_PrepareGoMark                    0x080033d4   Section        0  l6470.o(i.L6470_PrepareGoMark)
    i.L6470_PrepareGoTo                      0x080033f0   Section        0  l6470.o(i.L6470_PrepareGoTo)
    i.L6470_PrepareGoToDir                   0x08003410   Section        0  l6470.o(i.L6470_PrepareGoToDir)
    i.L6470_PrepareGoUntil                   0x08003430   Section        0  l6470.o(i.L6470_PrepareGoUntil)
    i.L6470_PrepareHardHiZ                   0x08003450   Section        0  l6470.o(i.L6470_PrepareHardHiZ)
    i.L6470_PrepareHardStop                  0x0800346c   Section        0  l6470.o(i.L6470_PrepareHardStop)
    i.L6470_PrepareMove                      0x08003488   Section        0  l6470.o(i.L6470_PrepareMove)
    i.L6470_PrepareReleaseSW                 0x080034a8   Section        0  l6470.o(i.L6470_PrepareReleaseSW)
    i.L6470_PrepareResetDevice               0x080034c8   Section        0  l6470.o(i.L6470_PrepareResetDevice)
    i.L6470_PrepareResetPos                  0x080034e4   Section        0  l6470.o(i.L6470_PrepareResetPos)
    i.L6470_PrepareRun                       0x08003500   Section        0  l6470.o(i.L6470_PrepareRun)
    i.L6470_PrepareSetParam                  0x08003520   Section        0  l6470.o(i.L6470_PrepareSetParam)
    i.L6470_PrepareSoftHiZ                   0x08003540   Section        0  l6470.o(i.L6470_PrepareSoftHiZ)
    i.L6470_PrepareSoftStop                  0x0800355c   Section        0  l6470.o(i.L6470_PrepareSoftStop)
    i.L6470_PrepareStepClock                 0x08003578   Section        0  l6470.o(i.L6470_PrepareStepClock)
    i.L6470_ReleaseSW                        0x08003598   Section        0  l6470.o(i.L6470_ReleaseSW)
    i.L6470_ResetAppCmdPkg                   0x080035d0   Section        0  l6470.o(i.L6470_ResetAppCmdPkg)
    i.L6470_ResetDevice                      0x080035fc   Section        0  l6470.o(i.L6470_ResetDevice)
    i.L6470_ResetPos                         0x08003630   Section        0  l6470.o(i.L6470_ResetPos)
    i.L6470_Run                              0x08003664   Section        0  l6470.o(i.L6470_Run)
    i.L6470_SetParam                         0x0800369c   Section        0  l6470.o(i.L6470_SetParam)
    i.L6470_SoftHiZ                          0x080036d4   Section        0  l6470.o(i.L6470_SoftHiZ)
    i.L6470_SoftStop                         0x08003708   Section        0  l6470.o(i.L6470_SoftStop)
    i.L6470_StepClock                        0x0800373c   Section        0  l6470.o(i.L6470_StepClock)
    i.MX_GPIO_Init                           0x08003774   Section        0  xnucleoihm02a1_interface.o(i.MX_GPIO_Init)
    i.MX_SPI1_Init                           0x08003778   Section        0  xnucleoihm02a1_interface.o(i.MX_SPI1_Init)
    i.MX_SPI_Init                            0x0800380c   Section        0  xnucleoihm02a1_interface.o(i.MX_SPI_Init)
    i.MicrosteppingMotor_Example_01          0x08003814   Section        0  example.o(i.MicrosteppingMotor_Example_01)
    i.NUCLEO_Board_Init                      0x08004334   Section        0  xnucleoihm02a1_interface.o(i.NUCLEO_Board_Init)
    i.NVIC_GetPriorityGrouping               0x08004348   Section        0  stm32f4xx_hal_cortex.o(i.NVIC_GetPriorityGrouping)
    NVIC_GetPriorityGrouping                 0x08004349   Thumb Code    10  stm32f4xx_hal_cortex.o(i.NVIC_GetPriorityGrouping)
    i.NVIC_SetPriority                       0x08004358   Section        0  stm32f4xx_hal_cortex.o(i.NVIC_SetPriority)
    NVIC_SetPriority                         0x08004359   Thumb Code    32  stm32f4xx_hal_cortex.o(i.NVIC_SetPriority)
    i.SPI_WaitOnFlagUntilTimeout             0x08004380   Section        0  stm32f4xx_hal_spi.o(i.SPI_WaitOnFlagUntilTimeout)
    SPI_WaitOnFlagUntilTimeout               0x08004381   Thumb Code   276  stm32f4xx_hal_spi.o(i.SPI_WaitOnFlagUntilTimeout)
    i.Step_s2_2_Acc                          0x08004494   Section        0  l6470.o(i.Step_s2_2_Acc)
    i.Step_s2_2_Dec                          0x080044c4   Section        0  l6470.o(i.Step_s2_2_Dec)
    i.Step_s_2_FsSpd                         0x080044f4   Section        0  l6470.o(i.Step_s_2_FsSpd)
    i.Step_s_2_IntSpeed                      0x08004548   Section        0  l6470.o(i.Step_s_2_IntSpeed)
    i.Step_s_2_MaxSpeed                      0x08004578   Section        0  l6470.o(i.Step_s_2_MaxSpeed)
    i.Step_s_2_MinSpeed                      0x080045a8   Section        0  l6470.o(i.Step_s_2_MinSpeed)
    i.SysTick_Handler                        0x080045d8   Section        0  stm32f4xx_it.o(i.SysTick_Handler)
    i.SystemClock_Config                     0x080045e4   Section        0  xnucleoihm02a1_interface.o(i.SystemClock_Config)
    i.SystemInit                             0x0800467c   Section        0  system_stm32f4xx.o(i.SystemInit)
    i.UART_EndTransmit_IT                    0x080046e0   Section        0  stm32f4xx_hal_uart.o(i.UART_EndTransmit_IT)
    UART_EndTransmit_IT                      0x080046e1   Thumb Code    72  stm32f4xx_hal_uart.o(i.UART_EndTransmit_IT)
    i.UART_Receive_IT                        0x08004728   Section        0  stm32f4xx_hal_uart.o(i.UART_Receive_IT)
    UART_Receive_IT                          0x08004729   Thumb Code   188  stm32f4xx_hal_uart.o(i.UART_Receive_IT)
    i.UART_Transmit_IT                       0x080047e4   Section        0  stm32f4xx_hal_uart.o(i.UART_Transmit_IT)
    UART_Transmit_IT                         0x080047e5   Thumb Code   112  stm32f4xx_hal_uart.o(i.UART_Transmit_IT)
    i.UART_WaitOnFlagUntilTimeout            0x08004854   Section        0  stm32f4xx_hal_uart.o(i.UART_WaitOnFlagUntilTimeout)
    UART_WaitOnFlagUntilTimeout              0x08004855   Thumb Code   250  stm32f4xx_hal_uart.o(i.UART_WaitOnFlagUntilTimeout)
    i.USART2_IRQHandler                      0x08004950   Section        0  stm32f4xx_it.o(i.USART2_IRQHandler)
    i.USART_ITCharManager                    0x08004964   Section        0  example_usart.o(i.USART_ITCharManager)
    i.USART_Transmit                         0x080049e0   Section        0  example_usart.o(i.USART_Transmit)
    i.__ARM_fpclassify                       0x08004a08   Section        0  fpclassify.o(i.__ARM_fpclassify)
    i.__hardfp_acos                          0x08004a38   Section        0  acos.o(i.__hardfp_acos)
    i.__hardfp_asin                          0x08004d90   Section        0  asin.o(i.__hardfp_asin)
    i.__hardfp_atan                          0x080050f0   Section        0  atan.o(i.__hardfp_atan)
    i.__hardfp_fabs                          0x080053c8   Section        0  fabs.o(i.__hardfp_fabs)
    i.__hardfp_pow                           0x080053e0   Section        0  pow.o(i.__hardfp_pow)
    i.__hardfp_sqrt                          0x08006030   Section        0  sqrt.o(i.__hardfp_sqrt)
    i.__kernel_poly                          0x080060aa   Section        0  poly.o(i.__kernel_poly)
    i.__mathlib_dbl_divzero                  0x080061a8   Section        0  dunder.o(i.__mathlib_dbl_divzero)
    i.__mathlib_dbl_infnan                   0x080061d8   Section        0  dunder.o(i.__mathlib_dbl_infnan)
    i.__mathlib_dbl_infnan2                  0x080061ec   Section        0  dunder.o(i.__mathlib_dbl_infnan2)
    i.__mathlib_dbl_invalid                  0x08006200   Section        0  dunder.o(i.__mathlib_dbl_invalid)
    i.__mathlib_dbl_overflow                 0x08006220   Section        0  dunder.o(i.__mathlib_dbl_overflow)
    i.__mathlib_dbl_underflow                0x08006240   Section        0  dunder.o(i.__mathlib_dbl_underflow)
    i.__scatterload_copy                     0x08006260   Section       14  handlers.o(i.__scatterload_copy)
    i.__scatterload_null                     0x0800626e   Section        2  handlers.o(i.__scatterload_null)
    i.__scatterload_zeroinit                 0x08006270   Section       14  handlers.o(i.__scatterload_zeroinit)
    i.__set_errno                            0x08006280   Section        0  errno.o(i.__set_errno)
    i.angle_to_steps                         0x0800628c   Section        0  example.o(i.angle_to_steps)
    i.assert_failed                          0x080062dc   Section        0  main.o(i.assert_failed)
    i.calc_L                                 0x080062e0   Section        0  example.o(i.calc_L)
    i.calc_alpha                             0x080063ac   Section        0  example.o(i.calc_alpha)
    i.calc_beta                              0x0800642c   Section        0  example.o(i.calc_beta)
    i.calc_gamma                             0x08006584   Section        0  example.o(i.calc_gamma)
    i.fabs                                   0x08006680   Section        0  fabs.o(i.fabs)
    i.find_Dir_beta                          0x08006698   Section        0  example.o(i.find_Dir_beta)
    i.gripper_angle_to_steps                 0x080066ac   Section        0  example.o(i.gripper_angle_to_steps)
    i.mA_2_OcdTh                             0x080066f8   Section        0  l6470.o(i.mA_2_OcdTh)
    i.mA_2_StallTh                           0x0800675c   Section        0  l6470.o(i.mA_2_StallTh)
    i.main                                   0x080067c0   Section        0  main.o(i.main)
    i.s_Step_2_FnSlpAcc                      0x080067ec   Section        0  l6470.o(i.s_Step_2_FnSlpAcc)
    i.s_Step_2_FnSlpDec                      0x0800681c   Section        0  l6470.o(i.s_Step_2_FnSlpDec)
    i.s_Step_2_StSlp                         0x0800684c   Section        0  l6470.o(i.s_Step_2_StSlp)
    i.sqrt                                   0x0800687c   Section        0  sqrt.o(i.sqrt)
    .constdata                               0x080068ec   Section      794  l6470.o(.constdata)
    .constdata                               0x08006c06   Section       16  stm32f4xx_hal_rcc.o(.constdata)
    .constdata                               0x08006c18   Section      704  params.o(.constdata)
    .constdata                               0x08006ed8   Section       80  acos.o(.constdata)
    pS                                       0x08006ed8   Data          48  acos.o(.constdata)
    qS                                       0x08006f08   Data          32  acos.o(.constdata)
    .constdata                               0x08006f28   Section       80  asin.o(.constdata)
    pS                                       0x08006f28   Data          48  asin.o(.constdata)
    qS                                       0x08006f58   Data          32  asin.o(.constdata)
    .constdata                               0x08006f78   Section      152  atan.o(.constdata)
    atanhi                                   0x08006f78   Data          32  atan.o(.constdata)
    atanlo                                   0x08006f98   Data          32  atan.o(.constdata)
    aTodd                                    0x08006fb8   Data          40  atan.o(.constdata)
    aTeven                                   0x08006fe0   Data          48  atan.o(.constdata)
    .constdata                               0x08007010   Section      136  pow.o(.constdata)
    bp                                       0x08007010   Data          16  pow.o(.constdata)
    dp_h                                     0x08007020   Data          16  pow.o(.constdata)
    dp_l                                     0x08007030   Data          16  pow.o(.constdata)
    L                                        0x08007040   Data          48  pow.o(.constdata)
    P                                        0x08007070   Data          40  pow.o(.constdata)
    .constdata                               0x08007098   Section        8  qnan.o(.constdata)
    .data                                    0x20000000   Section      173  l6470.o(.data)
    .data                                    0x200000b0   Section        4  stm32f4xx_hal.o(.data)
    uwTick                                   0x200000b0   Data           4  stm32f4xx_hal.o(.data)
    .data                                    0x200000b4   Section      728  xnucleoihm02a1.o(.data)
    .data                                    0x2000038c   Section        4  system_stm32f4xx.o(.data)
    .data                                    0x20000390   Section        4  errno.o(.data)
    _errno                                   0x20000390   Data           4  errno.o(.data)
    .bss                                     0x20000394   Section       32  l6470.o(.bss)
    .bss                                     0x200003b4   Section       24  xnucleoihm02a1.o(.bss)
    .bss                                     0x200003cc   Section      244  xnucleoihm02a1_interface.o(.bss)
    .bss                                     0x200004c0   Section      259  example_usart.o(.bss)
    HexValue                                 0x200005ba   Data           9  example_usart.o(.bss)
    .bss                                     0x200005c4   Section      172  example.o(.bss)
    huart2                                   0x20000630   Data          64  example.o(.bss)
    STACK                                    0x20000670   Section     1024  startup_stm32f401xe.o(STACK)

    Global Symbols

    Symbol Name                              Value     Ov Type        Size  Object(Section)

    BuildAttributes$$THM_ISAv4$E$P$D$K$B$S$7EM$VFPi3$EXTD16$VFPS$VFMA$PE$A:L22UL41UL21$X:L11$S22US41US21$IEEE1$IW$USESV6$~STKCKD$USESV7$~SHL$OTIME$ROPI$IEEEX$EBA8$MICROLIB$REQ8$PRES8$EABIv2 0x00000000   Number         0  anon$$obj.o ABSOLUTE
    __ARM_use_no_argv                        0x00000000   Number         0  main.o ABSOLUTE
    __cpp_initialize__aeabi_                  - Undefined Weak Reference
    __cxa_finalize                            - Undefined Weak Reference
    _clock_init                               - Undefined Weak Reference
    _microlib_exit                            - Undefined Weak Reference
    __Vectors_Size                           0x00000194   Number         0  startup_stm32f401xe.o ABSOLUTE
    __Vectors                                0x08000000   Data           4  startup_stm32f401xe.o(RESET)
    __Vectors_End                            0x08000194   Data           0  startup_stm32f401xe.o(RESET)
    __main                                   0x08000195   Thumb Code     0  entry.o(.ARM.Collect$$$$00000000)
    _main_stk                                0x08000195   Thumb Code     0  entry2.o(.ARM.Collect$$$$00000001)
    _main_scatterload                        0x08000199   Thumb Code     0  entry5.o(.ARM.Collect$$$$00000004)
    __main_after_scatterload                 0x0800019d   Thumb Code     0  entry5.o(.ARM.Collect$$$$00000004)
    _main_clock                              0x0800019d   Thumb Code     0  entry7b.o(.ARM.Collect$$$$00000008)
    _main_cpp_init                           0x0800019d   Thumb Code     0  entry8b.o(.ARM.Collect$$$$0000000A)
    _main_init                               0x0800019d   Thumb Code     0  entry9a.o(.ARM.Collect$$$$0000000B)
    __rt_final_cpp                           0x080001a5   Thumb Code     0  entry10a.o(.ARM.Collect$$$$0000000D)
    __rt_final_exit                          0x080001a5   Thumb Code     0  entry11a.o(.ARM.Collect$$$$0000000F)
    Reset_Handler                            0x080001a9   Thumb Code     8  startup_stm32f401xe.o(.text)
    NMI_Handler                              0x080001b1   Thumb Code     2  startup_stm32f401xe.o(.text)
    HardFault_Handler                        0x080001b3   Thumb Code     2  startup_stm32f401xe.o(.text)
    MemManage_Handler                        0x080001b5   Thumb Code     2  startup_stm32f401xe.o(.text)
    BusFault_Handler                         0x080001b7   Thumb Code     2  startup_stm32f401xe.o(.text)
    UsageFault_Handler                       0x080001b9   Thumb Code     2  startup_stm32f401xe.o(.text)
    SVC_Handler                              0x080001bb   Thumb Code     2  startup_stm32f401xe.o(.text)
    DebugMon_Handler                         0x080001bd   Thumb Code     2  startup_stm32f401xe.o(.text)
    PendSV_Handler                           0x080001bf   Thumb Code     2  startup_stm32f401xe.o(.text)
    ADC_IRQHandler                           0x080001c3   Thumb Code     0  startup_stm32f401xe.o(.text)
    DMA1_Stream0_IRQHandler                  0x080001c3   Thumb Code     0  startup_stm32f401xe.o(.text)
    DMA1_Stream1_IRQHandler                  0x080001c3   Thumb Code     0  startup_stm32f401xe.o(.text)
    DMA1_Stream2_IRQHandler                  0x080001c3   Thumb Code     0  startup_stm32f401xe.o(.text)
    DMA1_Stream3_IRQHandler                  0x080001c3   Thumb Code     0  startup_stm32f401xe.o(.text)
    DMA1_Stream4_IRQHandler                  0x080001c3   Thumb Code     0  startup_stm32f401xe.o(.text)
    DMA1_Stream5_IRQHandler                  0x080001c3   Thumb Code     0  startup_stm32f401xe.o(.text)
    DMA1_Stream6_IRQHandler                  0x080001c3   Thumb Code     0  startup_stm32f401xe.o(.text)
    DMA1_Stream7_IRQHandler                  0x080001c3   Thumb Code     0  startup_stm32f401xe.o(.text)
    DMA2_Stream0_IRQHandler                  0x080001c3   Thumb Code     0  startup_stm32f401xe.o(.text)
    DMA2_Stream1_IRQHandler                  0x080001c3   Thumb Code     0  startup_stm32f401xe.o(.text)
    DMA2_Stream2_IRQHandler                  0x080001c3   Thumb Code     0  startup_stm32f401xe.o(.text)
    DMA2_Stream3_IRQHandler                  0x080001c3   Thumb Code     0  startup_stm32f401xe.o(.text)
    DMA2_Stream4_IRQHandler                  0x080001c3   Thumb Code     0  startup_stm32f401xe.o(.text)
    DMA2_Stream5_IRQHandler                  0x080001c3   Thumb Code     0  startup_stm32f401xe.o(.text)
    DMA2_Stream6_IRQHandler                  0x080001c3   Thumb Code     0  startup_stm32f401xe.o(.text)
    DMA2_Stream7_IRQHandler                  0x080001c3   Thumb Code     0  startup_stm32f401xe.o(.text)
    EXTI2_IRQHandler                         0x080001c3   Thumb Code     0  startup_stm32f401xe.o(.text)
    EXTI3_IRQHandler                         0x080001c3   Thumb Code     0  startup_stm32f401xe.o(.text)
    EXTI9_5_IRQHandler                       0x080001c3   Thumb Code     0  startup_stm32f401xe.o(.text)
    FLASH_IRQHandler                         0x080001c3   Thumb Code     0  startup_stm32f401xe.o(.text)
    FPU_IRQHandler                           0x080001c3   Thumb Code     0  startup_stm32f401xe.o(.text)
    I2C1_ER_IRQHandler                       0x080001c3   Thumb Code     0  startup_stm32f401xe.o(.text)
    I2C1_EV_IRQHandler                       0x080001c3   Thumb Code     0  startup_stm32f401xe.o(.text)
    I2C2_ER_IRQHandler                       0x080001c3   Thumb Code     0  startup_stm32f401xe.o(.text)
    I2C2_EV_IRQHandler                       0x080001c3   Thumb Code     0  startup_stm32f401xe.o(.text)
    I2C3_ER_IRQHandler                       0x080001c3   Thumb Code     0  startup_stm32f401xe.o(.text)
    I2C3_EV_IRQHandler                       0x080001c3   Thumb Code     0  startup_stm32f401xe.o(.text)
    OTG_FS_IRQHandler                        0x080001c3   Thumb Code     0  startup_stm32f401xe.o(.text)
    OTG_FS_WKUP_IRQHandler                   0x080001c3   Thumb Code     0  startup_stm32f401xe.o(.text)
    PVD_IRQHandler                           0x080001c3   Thumb Code     0  startup_stm32f401xe.o(.text)
    RCC_IRQHandler                           0x080001c3   Thumb Code     0  startup_stm32f401xe.o(.text)
    RTC_Alarm_IRQHandler                     0x080001c3   Thumb Code     0  startup_stm32f401xe.o(.text)
    RTC_WKUP_IRQHandler                      0x080001c3   Thumb Code     0  startup_stm32f401xe.o(.text)
    SDIO_IRQHandler                          0x080001c3   Thumb Code     0  startup_stm32f401xe.o(.text)
    SPI1_IRQHandler                          0x080001c3   Thumb Code     0  startup_stm32f401xe.o(.text)
    SPI2_IRQHandler                          0x080001c3   Thumb Code     0  startup_stm32f401xe.o(.text)
    SPI3_IRQHandler                          0x080001c3   Thumb Code     0  startup_stm32f401xe.o(.text)
    SPI4_IRQHandler                          0x080001c3   Thumb Code     0  startup_stm32f401xe.o(.text)
    TAMP_STAMP_IRQHandler                    0x080001c3   Thumb Code     0  startup_stm32f401xe.o(.text)
    TIM1_BRK_TIM9_IRQHandler                 0x080001c3   Thumb Code     0  startup_stm32f401xe.o(.text)
    TIM1_CC_IRQHandler                       0x080001c3   Thumb Code     0  startup_stm32f401xe.o(.text)
    TIM1_TRG_COM_TIM11_IRQHandler            0x080001c3   Thumb Code     0  startup_stm32f401xe.o(.text)
    TIM1_UP_TIM10_IRQHandler                 0x080001c3   Thumb Code     0  startup_stm32f401xe.o(.text)
    TIM2_IRQHandler                          0x080001c3   Thumb Code     0  startup_stm32f401xe.o(.text)
    TIM3_IRQHandler                          0x080001c3   Thumb Code     0  startup_stm32f401xe.o(.text)
    TIM4_IRQHandler                          0x080001c3   Thumb Code     0  startup_stm32f401xe.o(.text)
    TIM5_IRQHandler                          0x080001c3   Thumb Code     0  startup_stm32f401xe.o(.text)
    USART1_IRQHandler                        0x080001c3   Thumb Code     0  startup_stm32f401xe.o(.text)
    USART6_IRQHandler                        0x080001c3   Thumb Code     0  startup_stm32f401xe.o(.text)
    WWDG_IRQHandler                          0x080001c3   Thumb Code     0  startup_stm32f401xe.o(.text)
    __aeabi_dadd                             0x080001cd   Thumb Code   322  dadd.o(.text)
    __aeabi_dsub                             0x0800030f   Thumb Code     6  dadd.o(.text)
    __aeabi_drsub                            0x08000315   Thumb Code     6  dadd.o(.text)
    __aeabi_dmul                             0x0800031b   Thumb Code   228  dmul.o(.text)
    __aeabi_ddiv                             0x080003ff   Thumb Code   222  ddiv.o(.text)
    __aeabi_d2iz                             0x080004dd   Thumb Code    62  dfixi.o(.text)
    __aeabi_d2uiz                            0x0800051b   Thumb Code    50  dfixui.o(.text)
    __aeabi_f2d                              0x0800054d   Thumb Code    38  f2d.o(.text)
    __aeabi_cdcmpeq                          0x08000575   Thumb Code     0  cdcmple.o(.text)
    __aeabi_cdcmple                          0x08000575   Thumb Code    48  cdcmple.o(.text)
    __aeabi_d2f                              0x080005a5   Thumb Code    56  d2f.o(.text)
    __aeabi_llsl                             0x080005dd   Thumb Code    30  llshl.o(.text)
    _ll_shift_l                              0x080005dd   Thumb Code     0  llshl.o(.text)
    __aeabi_llsr                             0x080005fb   Thumb Code    32  llushr.o(.text)
    _ll_ushift_r                             0x080005fb   Thumb Code     0  llushr.o(.text)
    __aeabi_lasr                             0x0800061b   Thumb Code    36  llsshr.o(.text)
    _ll_sshift_r                             0x0800061b   Thumb Code     0  llsshr.o(.text)
    __I$use$fp                               0x0800063f   Thumb Code     0  iusefp.o(.text)
    _float_round                             0x0800063f   Thumb Code    18  fepilogue.o(.text)
    _float_epilogue                          0x08000651   Thumb Code    92  fepilogue.o(.text)
    _double_round                            0x080006ad   Thumb Code    30  depilogue.o(.text)
    _double_epilogue                         0x080006cb   Thumb Code   156  depilogue.o(.text)
    __ARM_scalbn                             0x08000767   Thumb Code    46  dscalb.o(.text)
    scalbn                                   0x08000767   Thumb Code     0  dscalb.o(.text)
    _dsqrt                                   0x08000795   Thumb Code   162  dsqrt.o(.text)
    __aeabi_i2d                              0x08000837   Thumb Code    34  dflti.o(.text)
    __aeabi_cdrcmple                         0x08000859   Thumb Code    48  cdrcmple.o(.text)
    __scatterload                            0x08000889   Thumb Code    28  init.o(.text)
    __scatterload_rt2                        0x08000889   Thumb Code     0  init.o(.text)
    __decompress                             0x080008ad   Thumb Code     0  __dczerorl2.o(.text)
    __decompress1                            0x080008ad   Thumb Code    86  __dczerorl2.o(.text)
    BSP_0_Config                             0x08000905   Thumb Code    16  xnucleoihm02a1.o(i.BSP_0_Config)
    BSP_1_Config                             0x08000919   Thumb Code    16  xnucleoihm02a1.o(i.BSP_1_Config)
    BSP_2_Config                             0x0800092d   Thumb Code    16  xnucleoihm02a1.o(i.BSP_2_Config)
    BSP_3_Config                             0x08000941   Thumb Code    16  xnucleoihm02a1.o(i.BSP_3_Config)
    BSP_Config                               0x08000955   Thumb Code    32  xnucleoihm02a1.o(i.BSP_Config)
    BSP_GetExpansionBoardHandle              0x08000975   Thumb Code    70  xnucleoihm02a1.o(i.BSP_GetExpansionBoardHandle)
    BSP_IRQ                                  0x080009c1   Thumb Code    36  xnucleoihm02a1.o(i.BSP_IRQ)
    BSP_Init                                 0x080009e5   Thumb Code    30  xnucleoihm02a1.o(i.BSP_Init)
    BSP_L6470_0_0_Config                     0x08000a05   Thumb Code    16  xnucleoihm02a1.o(i.BSP_L6470_0_0_Config)
    BSP_L6470_0_1_Config                     0x08000a19   Thumb Code    16  xnucleoihm02a1.o(i.BSP_L6470_0_1_Config)
    BSP_L6470_1_0_Config                     0x08000a2d   Thumb Code    16  xnucleoihm02a1.o(i.BSP_L6470_1_0_Config)
    BSP_L6470_1_1_Config                     0x08000a41   Thumb Code    16  xnucleoihm02a1.o(i.BSP_L6470_1_1_Config)
    BSP_L6470_2_0_Config                     0x08000a55   Thumb Code    16  xnucleoihm02a1.o(i.BSP_L6470_2_0_Config)
    BSP_L6470_2_1_Config                     0x08000a69   Thumb Code    16  xnucleoihm02a1.o(i.BSP_L6470_2_1_Config)
    BSP_L6470_3_0_Config                     0x08000a7d   Thumb Code    16  xnucleoihm02a1.o(i.BSP_L6470_3_0_Config)
    BSP_L6470_3_1_Config                     0x08000a91   Thumb Code    16  xnucleoihm02a1.o(i.BSP_L6470_3_1_Config)
    BSP_L6470_CheckStatusRegisterFlag        0x08000aa5   Thumb Code    30  xnucleoihm02a1.o(i.BSP_L6470_CheckStatusRegisterFlag)
    BSP_L6470_GetParam                       0x08000ac3   Thumb Code    30  xnucleoihm02a1.o(i.BSP_L6470_GetParam)
    BSP_L6470_GetStatus                      0x08000ae1   Thumb Code    26  xnucleoihm02a1.o(i.BSP_L6470_GetStatus)
    BSP_L6470_GoHome                         0x08000afb   Thumb Code    22  xnucleoihm02a1.o(i.BSP_L6470_GoHome)
    BSP_L6470_GoMark                         0x08000b11   Thumb Code    22  xnucleoihm02a1.o(i.BSP_L6470_GoMark)
    BSP_L6470_GoTo                           0x08000b27   Thumb Code    26  xnucleoihm02a1.o(i.BSP_L6470_GoTo)
    BSP_L6470_GoToDir                        0x08000b41   Thumb Code    34  xnucleoihm02a1.o(i.BSP_L6470_GoToDir)
    BSP_L6470_GoUntil                        0x08000b63   Thumb Code    40  xnucleoihm02a1.o(i.BSP_L6470_GoUntil)
    BSP_L6470_HardHiZ                        0x08000b8b   Thumb Code    22  xnucleoihm02a1.o(i.BSP_L6470_HardHiZ)
    BSP_L6470_HardStop                       0x08000ba1   Thumb Code    22  xnucleoihm02a1.o(i.BSP_L6470_HardStop)
    BSP_L6470_Init                           0x08000bb9   Thumb Code   118  xnucleoihm02a1.o(i.BSP_L6470_Init)
    BSP_L6470_Move                           0x08000c39   Thumb Code    34  xnucleoihm02a1.o(i.BSP_L6470_Move)
    BSP_L6470_ReleaseSW                      0x08000c5b   Thumb Code    34  xnucleoihm02a1.o(i.BSP_L6470_ReleaseSW)
    BSP_L6470_ResetDevice                    0x08000c7d   Thumb Code    22  xnucleoihm02a1.o(i.BSP_L6470_ResetDevice)
    BSP_L6470_ResetPos                       0x08000c93   Thumb Code    22  xnucleoihm02a1.o(i.BSP_L6470_ResetPos)
    BSP_L6470_Run                            0x08000ca9   Thumb Code    34  xnucleoihm02a1.o(i.BSP_L6470_Run)
    BSP_L6470_SetParam                       0x08000ccb   Thumb Code    34  xnucleoihm02a1.o(i.BSP_L6470_SetParam)
    BSP_L6470_SoftHiZ                        0x08000ced   Thumb Code    22  xnucleoihm02a1.o(i.BSP_L6470_SoftHiZ)
    BSP_L6470_SoftStop                       0x08000d03   Thumb Code    22  xnucleoihm02a1.o(i.BSP_L6470_SoftStop)
    BSP_L6470_StepClock                      0x08000d19   Thumb Code    26  xnucleoihm02a1.o(i.BSP_L6470_StepClock)
    BSP_NUCLEO_GPIO_Init                     0x08000d35   Thumb Code   232  xnucleoihm02a1.o(i.BSP_NUCLEO_GPIO_Init)
    BSP_Select                               0x08000e35   Thumb Code    60  xnucleoihm02a1.o(i.BSP_Select)
    EXPBRD_ID                                0x08000e79   Thumb Code    14  xnucleoihm02a1.o(i.EXPBRD_ID)
    EXTI0_IRQHandler                         0x08000e87   Thumb Code    10  stm32f4xx_it.o(i.EXTI0_IRQHandler)
    EXTI15_10_IRQHandler                     0x08000e91   Thumb Code    12  stm32f4xx_it.o(i.EXTI15_10_IRQHandler)
    EXTI1_IRQHandler                         0x08000e9d   Thumb Code    10  stm32f4xx_it.o(i.EXTI1_IRQHandler)
    EXTI4_IRQHandler                         0x08000ea9   Thumb Code    32  stm32f4xx_it.o(i.EXTI4_IRQHandler)
    GetMotorParameterInitData                0x08000ecd   Thumb Code     4  params.o(i.GetMotorParameterInitData)
    HAL_Delay                                0x08000ed5   Thumb Code    26  stm32f4xx_hal.o(i.HAL_Delay)
    HAL_GPIO_EXTI_Callback                   0x08000eef   Thumb Code     2  stm32f4xx_hal_gpio.o(i.HAL_GPIO_EXTI_Callback)
    HAL_GPIO_EXTI_IRQHandler                 0x08000ef1   Thumb Code    24  stm32f4xx_hal_gpio.o(i.HAL_GPIO_EXTI_IRQHandler)
    HAL_GPIO_Init                            0x08000f0d   Thumb Code   828  stm32f4xx_hal_gpio.o(i.HAL_GPIO_Init)
    HAL_GPIO_ReadPin                         0x080012c1   Thumb Code    38  stm32f4xx_hal_gpio.o(i.HAL_GPIO_ReadPin)
    HAL_GPIO_WritePin                        0x08001325   Thumb Code    54  stm32f4xx_hal_gpio.o(i.HAL_GPIO_WritePin)
    HAL_GetTick                              0x08001399   Thumb Code     6  stm32f4xx_hal.o(i.HAL_GetTick)
    HAL_IncTick                              0x080013a5   Thumb Code    12  stm32f4xx_hal.o(i.HAL_IncTick)
    HAL_Init                                 0x080013b5   Thumb Code    54  stm32f4xx_hal.o(i.HAL_Init)
    HAL_InitTick                             0x080013f1   Thumb Code    36  stm32f4xx_hal.o(i.HAL_InitTick)
    HAL_MspInit                              0x08001415   Thumb Code    20  stm32f4xx_hal_msp.o(i.HAL_MspInit)
    HAL_NVIC_DisableIRQ                      0x08001429   Thumb Code    40  stm32f4xx_hal_cortex.o(i.HAL_NVIC_DisableIRQ)
    HAL_NVIC_EnableIRQ                       0x08001495   Thumb Code    44  stm32f4xx_hal_cortex.o(i.HAL_NVIC_EnableIRQ)
    HAL_NVIC_SetPriority                     0x08001501   Thumb Code   152  stm32f4xx_hal_cortex.o(i.HAL_NVIC_SetPriority)
    HAL_NVIC_SetPriorityGrouping             0x080015d9   Thumb Code    66  stm32f4xx_hal_cortex.o(i.HAL_NVIC_SetPriorityGrouping)
    HAL_RCC_ClockConfig                      0x08001665   Thumb Code  1108  stm32f4xx_hal_rcc.o(i.HAL_RCC_ClockConfig)
    HAL_RCC_GetHCLKFreq                      0x08001ab9   Thumb Code    42  stm32f4xx_hal_rcc.o(i.HAL_RCC_GetHCLKFreq)
    HAL_RCC_GetPCLK2Freq                     0x08001af1   Thumb Code    36  stm32f4xx_hal_rcc.o(i.HAL_RCC_GetPCLK2Freq)
    HAL_RCC_GetSysClockFreq                  0x08001b1d   Thumb Code   168  stm32f4xx_hal_rcc.o(i.HAL_RCC_GetSysClockFreq)
    HAL_RCC_OscConfig                        0x08001bd1   Thumb Code  1386  stm32f4xx_hal_rcc.o(i.HAL_RCC_OscConfig)
    HAL_SPI_Init                             0x08002145   Thumb Code   420  stm32f4xx_hal_spi.o(i.HAL_SPI_Init)
    HAL_SPI_MspInit                          0x08002325   Thumb Code   260  stm32f4xx_hal_msp.o(i.HAL_SPI_MspInit)
    HAL_SPI_TransmitReceive                  0x0800243d   Thumb Code   866  stm32f4xx_hal_spi.o(i.HAL_SPI_TransmitReceive)
    HAL_SYSTICK_Callback                     0x080027dd   Thumb Code     2  stm32f4xx_hal_cortex.o(i.HAL_SYSTICK_Callback)
    HAL_SYSTICK_Config                       0x080027df   Thumb Code    52  stm32f4xx_hal_cortex.o(i.HAL_SYSTICK_Config)
    HAL_SYSTICK_IRQHandler                   0x08002813   Thumb Code     8  stm32f4xx_hal_cortex.o(i.HAL_SYSTICK_IRQHandler)
    HAL_UART_ErrorCallback                   0x0800281b   Thumb Code     2  stm32f4xx_hal_uart.o(i.HAL_UART_ErrorCallback)
    HAL_UART_IRQHandler                      0x0800281d   Thumb Code   288  stm32f4xx_hal_uart.o(i.HAL_UART_IRQHandler)
    HAL_UART_RxCpltCallback                  0x0800293d   Thumb Code     2  stm32f4xx_hal_uart.o(i.HAL_UART_RxCpltCallback)
    HAL_UART_Transmit                        0x0800293f   Thumb Code   240  stm32f4xx_hal_uart.o(i.HAL_UART_Transmit)
    HAL_UART_TxCpltCallback                  0x08002a2f   Thumb Code     2  stm32f4xx_hal_uart.o(i.HAL_UART_TxCpltCallback)
    L6470_CheckStatusRegisterFlag            0x08002a31   Thumb Code   230  l6470.o(i.L6470_CheckStatusRegisterFlag)
    L6470_Config                             0x08002b1d   Thumb Code   586  l6470.o(i.L6470_Config)
    L6470_DaisyChainCommand                  0x08002d6d   Thumb Code    98  l6470.o(i.L6470_DaisyChainCommand)
    L6470_ExtractReturnedData                0x08002de1   Thumb Code    36  l6470.o(i.L6470_ExtractReturnedData)
    L6470_FillAppCmdPkg                      0x08002e05   Thumb Code    32  l6470.o(i.L6470_FillAppCmdPkg)
    L6470_GetParam                           0x08002e25   Thumb Code    72  l6470.o(i.L6470_GetParam)
    L6470_GetStatus                          0x08002e7d   Thumb Code    54  l6470.o(i.L6470_GetStatus)
    L6470_GoHome                             0x08002ec1   Thumb Code    40  l6470.o(i.L6470_GoHome)
    L6470_GoMark                             0x08002ef5   Thumb Code    40  l6470.o(i.L6470_GoMark)
    L6470_GoTo                               0x08002f29   Thumb Code    48  l6470.o(i.L6470_GoTo)
    L6470_GoToDir                            0x08002f65   Thumb Code    50  l6470.o(i.L6470_GoToDir)
    L6470_GoUntil                            0x08002fa5   Thumb Code    48  l6470.o(i.L6470_GoUntil)
    L6470_HardHiZ                            0x08002fe1   Thumb Code    40  l6470.o(i.L6470_HardHiZ)
    L6470_HardStop                           0x08003015   Thumb Code    40  l6470.o(i.L6470_HardStop)
    L6470_ID                                 0x08003049   Thumb Code    20  l6470.o(i.L6470_ID)
    L6470_Move                               0x0800305d   Thumb Code    44  l6470.o(i.L6470_Move)
    L6470_PerformPreparedApplicationCommand  0x08003095   Thumb Code    22  l6470.o(i.L6470_PerformPreparedApplicationCommand)
    L6470_PrepareAppCmdPkg                   0x080030b9   Thumb Code    54  l6470.o(i.L6470_PrepareAppCmdPkg)
    L6470_PrepareDaisyChainCommand           0x080030f5   Thumb Code   630  l6470.o(i.L6470_PrepareDaisyChainCommand)
    L6470_PrepareGetParam                    0x0800337d   Thumb Code    26  l6470.o(i.L6470_PrepareGetParam)
    L6470_PrepareGetStatus                   0x0800339d   Thumb Code    24  l6470.o(i.L6470_PrepareGetStatus)
    L6470_PrepareGoHome                      0x080033b9   Thumb Code    24  l6470.o(i.L6470_PrepareGoHome)
    L6470_PrepareGoMark                      0x080033d5   Thumb Code    24  l6470.o(i.L6470_PrepareGoMark)
    L6470_PrepareGoTo                        0x080033f1   Thumb Code    26  l6470.o(i.L6470_PrepareGoTo)
    L6470_PrepareGoToDir                     0x08003411   Thumb Code    28  l6470.o(i.L6470_PrepareGoToDir)
    L6470_PrepareGoUntil                     0x08003431   Thumb Code    28  l6470.o(i.L6470_PrepareGoUntil)
    L6470_PrepareHardHiZ                     0x08003451   Thumb Code    24  l6470.o(i.L6470_PrepareHardHiZ)
    L6470_PrepareHardStop                    0x0800346d   Thumb Code    24  l6470.o(i.L6470_PrepareHardStop)
    L6470_PrepareMove                        0x08003489   Thumb Code    28  l6470.o(i.L6470_PrepareMove)
    L6470_PrepareReleaseSW                   0x080034a9   Thumb Code    28  l6470.o(i.L6470_PrepareReleaseSW)
    L6470_PrepareResetDevice                 0x080034c9   Thumb Code    24  l6470.o(i.L6470_PrepareResetDevice)
    L6470_PrepareResetPos                    0x080034e5   Thumb Code    24  l6470.o(i.L6470_PrepareResetPos)
    L6470_PrepareRun                         0x08003501   Thumb Code    28  l6470.o(i.L6470_PrepareRun)
    L6470_PrepareSetParam                    0x08003521   Thumb Code    28  l6470.o(i.L6470_PrepareSetParam)
    L6470_PrepareSoftHiZ                     0x08003541   Thumb Code    24  l6470.o(i.L6470_PrepareSoftHiZ)
    L6470_PrepareSoftStop                    0x0800355d   Thumb Code    24  l6470.o(i.L6470_PrepareSoftStop)
    L6470_PrepareStepClock                   0x08003579   Thumb Code    26  l6470.o(i.L6470_PrepareStepClock)
    L6470_ReleaseSW                          0x08003599   Thumb Code    44  l6470.o(i.L6470_ReleaseSW)
    L6470_ResetAppCmdPkg                     0x080035d1   Thumb Code    42  l6470.o(i.L6470_ResetAppCmdPkg)
    L6470_ResetDevice                        0x080035fd   Thumb Code    40  l6470.o(i.L6470_ResetDevice)
    L6470_ResetPos                           0x08003631   Thumb Code    40  l6470.o(i.L6470_ResetPos)
    L6470_Run                                0x08003665   Thumb Code    44  l6470.o(i.L6470_Run)
    L6470_SetParam                           0x0800369d   Thumb Code    44  l6470.o(i.L6470_SetParam)
    L6470_SoftHiZ                            0x080036d5   Thumb Code    40  l6470.o(i.L6470_SoftHiZ)
    L6470_SoftStop                           0x08003709   Thumb Code    40  l6470.o(i.L6470_SoftStop)
    L6470_StepClock                          0x0800373d   Thumb Code    42  l6470.o(i.L6470_StepClock)
    MX_GPIO_Init                             0x08003775   Thumb Code     2  xnucleoihm02a1_interface.o(i.MX_GPIO_Init)
    MX_SPI1_Init                             0x08003779   Thumb Code   134  xnucleoihm02a1_interface.o(i.MX_SPI1_Init)
    MX_SPI_Init                              0x0800380d   Thumb Code     8  xnucleoihm02a1_interface.o(i.MX_SPI_Init)
    MicrosteppingMotor_Example_01            0x08003815   Thumb Code  2848  example.o(i.MicrosteppingMotor_Example_01)
    NUCLEO_Board_Init                        0x08004335   Thumb Code    20  xnucleoihm02a1_interface.o(i.NUCLEO_Board_Init)
    Step_s2_2_Acc                            0x08004495   Thumb Code    38  l6470.o(i.Step_s2_2_Acc)
    Step_s2_2_Dec                            0x080044c5   Thumb Code    38  l6470.o(i.Step_s2_2_Dec)
    Step_s_2_FsSpd                           0x080044f5   Thumb Code    72  l6470.o(i.Step_s_2_FsSpd)
    Step_s_2_IntSpeed                        0x08004549   Thumb Code    38  l6470.o(i.Step_s_2_IntSpeed)
    Step_s_2_MaxSpeed                        0x08004579   Thumb Code    38  l6470.o(i.Step_s_2_MaxSpeed)
    Step_s_2_MinSpeed                        0x080045a9   Thumb Code    38  l6470.o(i.Step_s_2_MinSpeed)
    SysTick_Handler                          0x080045d9   Thumb Code    12  stm32f4xx_it.o(i.SysTick_Handler)
    SystemClock_Config                       0x080045e5   Thumb Code   142  xnucleoihm02a1_interface.o(i.SystemClock_Config)
    SystemInit                               0x0800467d   Thumb Code    82  system_stm32f4xx.o(i.SystemInit)
    USART2_IRQHandler                        0x08004951   Thumb Code    16  stm32f4xx_it.o(i.USART2_IRQHandler)
    USART_ITCharManager                      0x08004965   Thumb Code   120  example_usart.o(i.USART_ITCharManager)
    USART_Transmit                           0x080049e1   Thumb Code    40  example_usart.o(i.USART_Transmit)
    __ARM_fpclassify                         0x08004a09   Thumb Code    48  fpclassify.o(i.__ARM_fpclassify)
    __hardfp_acos                            0x08004a39   Thumb Code   738  acos.o(i.__hardfp_acos)
    __hardfp_asin                            0x08004d91   Thumb Code   770  asin.o(i.__hardfp_asin)
    __hardfp_atan                            0x080050f1   Thumb Code   622  atan.o(i.__hardfp_atan)
    __hardfp_fabs                            0x080053c9   Thumb Code    20  fabs.o(i.__hardfp_fabs)
    __hardfp_pow                             0x080053e1   Thumb Code  3072  pow.o(i.__hardfp_pow)
    __hardfp_sqrt                            0x08006031   Thumb Code   122  sqrt.o(i.__hardfp_sqrt)
    __kernel_poly                            0x080060ab   Thumb Code   248  poly.o(i.__kernel_poly)
    __mathlib_dbl_divzero                    0x080061a9   Thumb Code    28  dunder.o(i.__mathlib_dbl_divzero)
    __mathlib_dbl_infnan                     0x080061d9   Thumb Code    20  dunder.o(i.__mathlib_dbl_infnan)
    __mathlib_dbl_infnan2                    0x080061ed   Thumb Code    20  dunder.o(i.__mathlib_dbl_infnan2)
    __mathlib_dbl_invalid                    0x08006201   Thumb Code    24  dunder.o(i.__mathlib_dbl_invalid)
    __mathlib_dbl_overflow                   0x08006221   Thumb Code    24  dunder.o(i.__mathlib_dbl_overflow)
    __mathlib_dbl_underflow                  0x08006241   Thumb Code    24  dunder.o(i.__mathlib_dbl_underflow)
    __scatterload_copy                       0x08006261   Thumb Code    14  handlers.o(i.__scatterload_copy)
    __scatterload_null                       0x0800626f   Thumb Code     2  handlers.o(i.__scatterload_null)
    __scatterload_zeroinit                   0x08006271   Thumb Code    14  handlers.o(i.__scatterload_zeroinit)
    __set_errno                              0x08006281   Thumb Code     6  errno.o(i.__set_errno)
    angle_to_steps                           0x0800628d   Thumb Code    66  example.o(i.angle_to_steps)
    assert_failed                            0x080062dd   Thumb Code     2  main.o(i.assert_failed)
    calc_L                                   0x080062e1   Thumb Code   196  example.o(i.calc_L)
    calc_alpha                               0x080063ad   Thumb Code   120  example.o(i.calc_alpha)
    calc_beta                                0x0800642d   Thumb Code   306  example.o(i.calc_beta)
    calc_gamma                               0x08006585   Thumb Code   220  example.o(i.calc_gamma)
    fabs                                     0x08006681   Thumb Code    24  fabs.o(i.fabs)
    find_Dir_beta                            0x08006699   Thumb Code    18  example.o(i.find_Dir_beta)
    gripper_angle_to_steps                   0x080066ad   Thumb Code    62  example.o(i.gripper_angle_to_steps)
    mA_2_OcdTh                               0x080066f9   Thumb Code    92  l6470.o(i.mA_2_OcdTh)
    mA_2_StallTh                             0x0800675d   Thumb Code    92  l6470.o(i.mA_2_StallTh)
    main                                     0x080067c1   Thumb Code    36  main.o(i.main)
    s_Step_2_FnSlpAcc                        0x080067ed   Thumb Code    38  l6470.o(i.s_Step_2_FnSlpAcc)
    s_Step_2_FnSlpDec                        0x0800681d   Thumb Code    38  l6470.o(i.s_Step_2_FnSlpDec)
    s_Step_2_StSlp                           0x0800684d   Thumb Code    38  l6470.o(i.s_Step_2_StSlp)
    sqrt                                     0x0800687d   Thumb Code   110  sqrt.o(i.sqrt)
    L6470_Register                           0x080068ec   Data         500  l6470.o(.constdata)
    L6470_ApplicationCommand                 0x08006ae0   Data         266  l6470.o(.constdata)
    L6470_Direction                          0x08006bea   Data          18  l6470.o(.constdata)
    L6470_ACT                                0x08006bfc   Data          10  l6470.o(.constdata)
    APBAHBPrescTable                         0x08006c06   Data          16  stm32f4xx_hal_rcc.o(.constdata)
    MotorParameterInitData                   0x08006c18   Data         704  params.o(.constdata)
    __mathlib_zero                           0x08007098   Data           8  qnan.o(.constdata)
    Region$$Table$$Base                      0x080070a0   Number         0  anon$$obj.o(Region$$Table)
    Region$$Table$$Limit                     0x080070c0   Number         0  anon$$obj.o(Region$$Table)
    L6470Command                             0x20000000   Data         148  l6470.o(.data)
    L6470_DaisyChainSpiTxStruct              0x20000094   Data           8  l6470.o(.data)
    L6470_DaisyChainSpiRxStruct              0x2000009c   Data           8  l6470.o(.data)
    L6470_DaisyChain_HalfPrepared            0x200000a4   Data           1  l6470.o(.data)
    L6470_StatusRegister                     0x200000a6   Data           2  l6470.o(.data)
    pL6470_StatusRegister                    0x200000a8   Data           4  l6470.o(.data)
    delay_cnt                                0x200000ac   Data           1  l6470.o(.data)
    XNUCLEOIHM02A1Command                    0x200000b4   Data          80  xnucleoihm02a1.o(.data)
    L6470DrvMtx                              0x20000104   Data         480  xnucleoihm02a1.o(.data)
    XNUCLEOIHM02A1Drv                        0x200002e4   Data          96  xnucleoihm02a1.o(.data)
    L6470_nSTBY_nRST_GPIO                    0x20000344   Data          12  xnucleoihm02a1.o(.data)
    L6470_nBUSY_SYNC_GPIO                    0x20000350   Data          12  xnucleoihm02a1.o(.data)
    L6470_nFLAG_GPIO                         0x2000035c   Data          12  xnucleoihm02a1.o(.data)
    L6470_nCS_GPIO_Array                     0x20000368   Data          36  xnucleoihm02a1.o(.data)
    SystemCoreClock                          0x2000038c   Data           4  system_stm32f4xx.o(.data)
    L6470_AppCmdPkg                          0x20000394   Data          32  l6470.o(.bss)
    L6470_nCS_GPIO                           0x200003b4   Data          12  xnucleoihm02a1.o(.bss)
    StatusBuffer                             0x200003c0   Data          12  xnucleoihm02a1.o(.bss)
    hadc1                                    0x200003cc   Data          68  xnucleoihm02a1_interface.o(.bss)
    hspi1                                    0x20000410   Data          88  xnucleoihm02a1_interface.o(.bss)
    hspi2                                    0x20000468   Data          88  xnucleoihm02a1_interface.o(.bss)
    huart2                                   0x200004c0   Data          64  example_usart.o(.bss)
    L6470_DaisyChainMnemonic                 0x20000500   Data          26  example_usart.o(.bss)
    UsartTextString                          0x2000051a   Data          64  example_usart.o(.bss)
    L6470_TextCommandBundle                  0x2000055a   Data          96  example_usart.o(.bss)
    GPIO_InitStructure                       0x200005c4   Data          20  example.o(.bss)
    sConfigOC                                0x200005d8   Data          28  example.o(.bss)
    htim4                                    0x200005f4   Data          60  example.o(.bss)
    __initial_sp                             0x20000a70   Data           0  startup_stm32f401xe.o(STACK)



==============================================================================

Memory Map of the image

  Image Entry point : 0x08000195

  Load Region LR_IROM1 (Base: 0x08000000, Size: 0x00007454, Max: 0x00080000, ABSOLUTE, COMPRESSED[0x000071fc])

    Execution Region ER_IROM1 (Exec base: 0x08000000, Load base: 0x08000000, Size: 0x000070c0, Max: 0x00080000, ABSOLUTE)

    Exec Addr    Load Addr    Size         Type   Attr      Idx    E Section Name        Object

    0x08000000   0x08000000   0x00000194   Data   RO         4606    RESET               startup_stm32f401xe.o
    0x08000194   0x08000194   0x00000000   Code   RO         4685  * .ARM.Collect$$$$00000000  mc_w.l(entry.o)
    0x08000194   0x08000194   0x00000004   Code   RO         4725    .ARM.Collect$$$$00000001  mc_w.l(entry2.o)
    0x08000198   0x08000198   0x00000004   Code   RO         4728    .ARM.Collect$$$$00000004  mc_w.l(entry5.o)
    0x0800019c   0x0800019c   0x00000000   Code   RO         4730    .ARM.Collect$$$$00000008  mc_w.l(entry7b.o)
    0x0800019c   0x0800019c   0x00000000   Code   RO         4732    .ARM.Collect$$$$0000000A  mc_w.l(entry8b.o)
    0x0800019c   0x0800019c   0x00000008   Code   RO         4733    .ARM.Collect$$$$0000000B  mc_w.l(entry9a.o)
    0x080001a4   0x080001a4   0x00000000   Code   RO         4735    .ARM.Collect$$$$0000000D  mc_w.l(entry10a.o)
    0x080001a4   0x080001a4   0x00000000   Code   RO         4737    .ARM.Collect$$$$0000000F  mc_w.l(entry11a.o)
    0x080001a4   0x080001a4   0x00000004   Code   RO         4726    .ARM.Collect$$$$00002712  mc_w.l(entry2.o)
    0x080001a8   0x080001a8   0x00000024   Code   RO         4607    .text               startup_stm32f401xe.o
    0x080001cc   0x080001cc   0x0000014e   Code   RO         4688    .text               mf_w.l(dadd.o)
    0x0800031a   0x0800031a   0x000000e4   Code   RO         4690    .text               mf_w.l(dmul.o)
    0x080003fe   0x080003fe   0x000000de   Code   RO         4692    .text               mf_w.l(ddiv.o)
    0x080004dc   0x080004dc   0x0000003e   Code   RO         4696    .text               mf_w.l(dfixi.o)
    0x0800051a   0x0800051a   0x00000032   Code   RO         4698    .text               mf_w.l(dfixui.o)
    0x0800054c   0x0800054c   0x00000026   Code   RO         4700    .text               mf_w.l(f2d.o)
    0x08000572   0x08000572   0x00000002   PAD
    0x08000574   0x08000574   0x00000030   Code   RO         4702    .text               mf_w.l(cdcmple.o)
    0x080005a4   0x080005a4   0x00000038   Code   RO         4704    .text               mf_w.l(d2f.o)
    0x080005dc   0x080005dc   0x0000001e   Code   RO         4739    .text               mc_w.l(llshl.o)
    0x080005fa   0x080005fa   0x00000020   Code   RO         4741    .text               mc_w.l(llushr.o)
    0x0800061a   0x0800061a   0x00000024   Code   RO         4743    .text               mc_w.l(llsshr.o)
    0x0800063e   0x0800063e   0x00000000   Code   RO         4752    .text               mc_w.l(iusefp.o)
    0x0800063e   0x0800063e   0x0000006e   Code   RO         4753    .text               mf_w.l(fepilogue.o)
    0x080006ac   0x080006ac   0x000000ba   Code   RO         4755    .text               mf_w.l(depilogue.o)
    0x08000766   0x08000766   0x0000002e   Code   RO         4759    .text               mf_w.l(dscalb.o)
    0x08000794   0x08000794   0x000000a2   Code   RO         4761    .text               mf_w.l(dsqrt.o)
    0x08000836   0x08000836   0x00000022   Code   RO         4763    .text               mf_w.l(dflti.o)
    0x08000858   0x08000858   0x00000030   Code   RO         4765    .text               mf_w.l(cdrcmple.o)
    0x08000888   0x08000888   0x00000024   Code   RO         4767    .text               mc_w.l(init.o)
    0x080008ac   0x080008ac   0x00000056   Code   RO         4777    .text               mc_w.l(__dczerorl2.o)
    0x08000902   0x08000902   0x00000002   PAD
    0x08000904   0x08000904   0x00000014   Code   RO         3585    i.BSP_0_Config      xnucleoihm02a1.o
    0x08000918   0x08000918   0x00000014   Code   RO         3586    i.BSP_1_Config      xnucleoihm02a1.o
    0x0800092c   0x0800092c   0x00000014   Code   RO         3587    i.BSP_2_Config      xnucleoihm02a1.o
    0x08000940   0x08000940   0x00000014   Code   RO         3588    i.BSP_3_Config      xnucleoihm02a1.o
    0x08000954   0x08000954   0x00000020   Code   RO         3589    i.BSP_Config        xnucleoihm02a1.o
    0x08000974   0x08000974   0x0000004c   Code   RO         3591    i.BSP_GetExpansionBoardHandle  xnucleoihm02a1.o
    0x080009c0   0x080009c0   0x00000024   Code   RO         3592    i.BSP_IRQ           xnucleoihm02a1.o
    0x080009e4   0x080009e4   0x0000001e   Code   RO         3593    i.BSP_Init          xnucleoihm02a1.o
    0x08000a02   0x08000a02   0x00000002   PAD
    0x08000a04   0x08000a04   0x00000014   Code   RO         3594    i.BSP_L6470_0_0_Config  xnucleoihm02a1.o
    0x08000a18   0x08000a18   0x00000014   Code   RO         3595    i.BSP_L6470_0_1_Config  xnucleoihm02a1.o
    0x08000a2c   0x08000a2c   0x00000014   Code   RO         3596    i.BSP_L6470_1_0_Config  xnucleoihm02a1.o
    0x08000a40   0x08000a40   0x00000014   Code   RO         3597    i.BSP_L6470_1_1_Config  xnucleoihm02a1.o
    0x08000a54   0x08000a54   0x00000014   Code   RO         3598    i.BSP_L6470_2_0_Config  xnucleoihm02a1.o
    0x08000a68   0x08000a68   0x00000014   Code   RO         3599    i.BSP_L6470_2_1_Config  xnucleoihm02a1.o
    0x08000a7c   0x08000a7c   0x00000014   Code   RO         3600    i.BSP_L6470_3_0_Config  xnucleoihm02a1.o
    0x08000a90   0x08000a90   0x00000014   Code   RO         3601    i.BSP_L6470_3_1_Config  xnucleoihm02a1.o
    0x08000aa4   0x08000aa4   0x0000001e   Code   RO         3603    i.BSP_L6470_CheckStatusRegisterFlag  xnucleoihm02a1.o
    0x08000ac2   0x08000ac2   0x0000001e   Code   RO         3605    i.BSP_L6470_GetParam  xnucleoihm02a1.o
    0x08000ae0   0x08000ae0   0x0000001a   Code   RO         3606    i.BSP_L6470_GetStatus  xnucleoihm02a1.o
    0x08000afa   0x08000afa   0x00000016   Code   RO         3607    i.BSP_L6470_GoHome  xnucleoihm02a1.o
    0x08000b10   0x08000b10   0x00000016   Code   RO         3608    i.BSP_L6470_GoMark  xnucleoihm02a1.o
    0x08000b26   0x08000b26   0x0000001a   Code   RO         3609    i.BSP_L6470_GoTo    xnucleoihm02a1.o
    0x08000b40   0x08000b40   0x00000022   Code   RO         3610    i.BSP_L6470_GoToDir  xnucleoihm02a1.o
    0x08000b62   0x08000b62   0x00000028   Code   RO         3611    i.BSP_L6470_GoUntil  xnucleoihm02a1.o
    0x08000b8a   0x08000b8a   0x00000016   Code   RO         3612    i.BSP_L6470_HardHiZ  xnucleoihm02a1.o
    0x08000ba0   0x08000ba0   0x00000016   Code   RO         3613    i.BSP_L6470_HardStop  xnucleoihm02a1.o
    0x08000bb6   0x08000bb6   0x00000002   PAD
    0x08000bb8   0x08000bb8   0x00000080   Code   RO         3614    i.BSP_L6470_Init    xnucleoihm02a1.o
    0x08000c38   0x08000c38   0x00000022   Code   RO         3615    i.BSP_L6470_Move    xnucleoihm02a1.o
    0x08000c5a   0x08000c5a   0x00000022   Code   RO         3617    i.BSP_L6470_ReleaseSW  xnucleoihm02a1.o
    0x08000c7c   0x08000c7c   0x00000016   Code   RO         3618    i.BSP_L6470_ResetDevice  xnucleoihm02a1.o
    0x08000c92   0x08000c92   0x00000016   Code   RO         3619    i.BSP_L6470_ResetPos  xnucleoihm02a1.o
    0x08000ca8   0x08000ca8   0x00000022   Code   RO         3620    i.BSP_L6470_Run     xnucleoihm02a1.o
    0x08000cca   0x08000cca   0x00000022   Code   RO         3621    i.BSP_L6470_SetParam  xnucleoihm02a1.o
    0x08000cec   0x08000cec   0x00000016   Code   RO         3622    i.BSP_L6470_SoftHiZ  xnucleoihm02a1.o
    0x08000d02   0x08000d02   0x00000016   Code   RO         3623    i.BSP_L6470_SoftStop  xnucleoihm02a1.o
    0x08000d18   0x08000d18   0x0000001a   Code   RO         3624    i.BSP_L6470_StepClock  xnucleoihm02a1.o
    0x08000d32   0x08000d32   0x00000002   PAD
    0x08000d34   0x08000d34   0x00000100   Code   RO         3625    i.BSP_NUCLEO_GPIO_Init  xnucleoihm02a1.o
    0x08000e34   0x08000e34   0x00000044   Code   RO         3626    i.BSP_Select        xnucleoihm02a1.o
    0x08000e78   0x08000e78   0x0000000e   Code   RO         3627    i.EXPBRD_ID         xnucleoihm02a1.o
    0x08000e86   0x08000e86   0x0000000a   Code   RO         4015    i.EXTI0_IRQHandler  stm32f4xx_it.o
    0x08000e90   0x08000e90   0x0000000c   Code   RO         4016    i.EXTI15_10_IRQHandler  stm32f4xx_it.o
    0x08000e9c   0x08000e9c   0x0000000a   Code   RO         4017    i.EXTI1_IRQHandler  stm32f4xx_it.o
    0x08000ea6   0x08000ea6   0x00000002   PAD
    0x08000ea8   0x08000ea8   0x00000024   Code   RO         4018    i.EXTI4_IRQHandler  stm32f4xx_it.o
    0x08000ecc   0x08000ecc   0x00000008   Code   RO         4552    i.GetMotorParameterInitData  params.o
    0x08000ed4   0x08000ed4   0x0000001a   Code   RO          800    i.HAL_Delay         stm32f4xx_hal.o
    0x08000eee   0x08000eee   0x00000002   Code   RO         1343    i.HAL_GPIO_EXTI_Callback  stm32f4xx_hal_gpio.o
    0x08000ef0   0x08000ef0   0x0000001c   Code   RO         1344    i.HAL_GPIO_EXTI_IRQHandler  stm32f4xx_hal_gpio.o
    0x08000f0c   0x08000f0c   0x000003b4   Code   RO         1345    i.HAL_GPIO_Init     stm32f4xx_hal_gpio.o
    0x080012c0   0x080012c0   0x00000064   Code   RO         1347    i.HAL_GPIO_ReadPin  stm32f4xx_hal_gpio.o
    0x08001324   0x08001324   0x00000074   Code   RO         1349    i.HAL_GPIO_WritePin  stm32f4xx_hal_gpio.o
    0x08001398   0x08001398   0x0000000c   Code   RO          806    i.HAL_GetTick       stm32f4xx_hal.o
    0x080013a4   0x080013a4   0x00000010   Code   RO          807    i.HAL_IncTick       stm32f4xx_hal.o
    0x080013b4   0x080013b4   0x0000003c   Code   RO          808    i.HAL_Init          stm32f4xx_hal.o
    0x080013f0   0x080013f0   0x00000024   Code   RO          809    i.HAL_InitTick      stm32f4xx_hal.o
    0x08001414   0x08001414   0x00000014   Code   RO         3957    i.HAL_MspInit       stm32f4xx_hal_msp.o
    0x08001428   0x08001428   0x0000006c   Code   RO         1046    i.HAL_NVIC_DisableIRQ  stm32f4xx_hal_cortex.o
    0x08001494   0x08001494   0x0000006c   Code   RO         1047    i.HAL_NVIC_EnableIRQ  stm32f4xx_hal_cortex.o
    0x08001500   0x08001500   0x000000d8   Code   RO         1053    i.HAL_NVIC_SetPriority  stm32f4xx_hal_cortex.o
    0x080015d8   0x080015d8   0x0000008c   Code   RO         1054    i.HAL_NVIC_SetPriorityGrouping  stm32f4xx_hal_cortex.o
    0x08001664   0x08001664   0x00000454   Code   RO          689    i.HAL_RCC_ClockConfig  stm32f4xx_hal_rcc.o
    0x08001ab8   0x08001ab8   0x00000038   Code   RO          694    i.HAL_RCC_GetHCLKFreq  stm32f4xx_hal_rcc.o
    0x08001af0   0x08001af0   0x0000002c   Code   RO          697    i.HAL_RCC_GetPCLK2Freq  stm32f4xx_hal_rcc.o
    0x08001b1c   0x08001b1c   0x000000b4   Code   RO          698    i.HAL_RCC_GetSysClockFreq  stm32f4xx_hal_rcc.o
    0x08001bd0   0x08001bd0   0x00000574   Code   RO          701    i.HAL_RCC_OscConfig  stm32f4xx_hal_rcc.o
    0x08002144   0x08002144   0x000001e0   Code   RO         1499    i.HAL_SPI_Init      stm32f4xx_hal_spi.o
    0x08002324   0x08002324   0x00000118   Code   RO         3959    i.HAL_SPI_MspInit   stm32f4xx_hal_msp.o
    0x0800243c   0x0800243c   0x000003a0   Code   RO         1508    i.HAL_SPI_TransmitReceive  stm32f4xx_hal_spi.o
    0x080027dc   0x080027dc   0x00000002   Code   RO         1057    i.HAL_SYSTICK_Callback  stm32f4xx_hal_cortex.o
    0x080027de   0x080027de   0x00000034   Code   RO         1058    i.HAL_SYSTICK_Config  stm32f4xx_hal_cortex.o
    0x08002812   0x08002812   0x00000008   Code   RO         1059    i.HAL_SYSTICK_IRQHandler  stm32f4xx_hal_cortex.o
    0x0800281a   0x0800281a   0x00000002   Code   RO         1867    i.HAL_UART_ErrorCallback  stm32f4xx_hal_uart.o
    0x0800281c   0x0800281c   0x00000120   Code   RO         1870    i.HAL_UART_IRQHandler  stm32f4xx_hal_uart.o
    0x0800293c   0x0800293c   0x00000002   Code   RO         1877    i.HAL_UART_RxCpltCallback  stm32f4xx_hal_uart.o
    0x0800293e   0x0800293e   0x000000f0   Code   RO         1879    i.HAL_UART_Transmit  stm32f4xx_hal_uart.o
    0x08002a2e   0x08002a2e   0x00000002   Code   RO         1882    i.HAL_UART_TxCpltCallback  stm32f4xx_hal_uart.o
    0x08002a30   0x08002a30   0x000000ec   Code   RO           11    i.L6470_CheckStatusRegisterFlag  l6470.o
    0x08002b1c   0x08002b1c   0x00000250   Code   RO           12    i.L6470_Config      l6470.o
    0x08002d6c   0x08002d6c   0x00000074   Code   RO           13    i.L6470_DaisyChainCommand  l6470.o
    0x08002de0   0x08002de0   0x00000024   Code   RO           14    i.L6470_ExtractReturnedData  l6470.o
    0x08002e04   0x08002e04   0x00000020   Code   RO           15    i.L6470_FillAppCmdPkg  l6470.o
    0x08002e24   0x08002e24   0x00000058   Code   RO           16    i.L6470_GetParam    l6470.o
    0x08002e7c   0x08002e7c   0x00000044   Code   RO           18    i.L6470_GetStatus   l6470.o
    0x08002ec0   0x08002ec0   0x00000034   Code   RO           19    i.L6470_GoHome      l6470.o
    0x08002ef4   0x08002ef4   0x00000034   Code   RO           20    i.L6470_GoMark      l6470.o
    0x08002f28   0x08002f28   0x0000003c   Code   RO           21    i.L6470_GoTo        l6470.o
    0x08002f64   0x08002f64   0x00000040   Code   RO           22    i.L6470_GoToDir     l6470.o
    0x08002fa4   0x08002fa4   0x0000003c   Code   RO           23    i.L6470_GoUntil     l6470.o
    0x08002fe0   0x08002fe0   0x00000034   Code   RO           24    i.L6470_HardHiZ     l6470.o
    0x08003014   0x08003014   0x00000034   Code   RO           25    i.L6470_HardStop    l6470.o
    0x08003048   0x08003048   0x00000014   Code   RO           26    i.L6470_ID          l6470.o
    0x0800305c   0x0800305c   0x00000038   Code   RO           27    i.L6470_Move        l6470.o
    0x08003094   0x08003094   0x00000024   Code   RO           28    i.L6470_PerformPreparedApplicationCommand  l6470.o
    0x080030b8   0x080030b8   0x0000003c   Code   RO           29    i.L6470_PrepareAppCmdPkg  l6470.o
    0x080030f4   0x080030f4   0x00000288   Code   RO           30    i.L6470_PrepareDaisyChainCommand  l6470.o
    0x0800337c   0x0800337c   0x00000020   Code   RO           31    i.L6470_PrepareGetParam  l6470.o
    0x0800339c   0x0800339c   0x0000001c   Code   RO           32    i.L6470_PrepareGetStatus  l6470.o
    0x080033b8   0x080033b8   0x0000001c   Code   RO           33    i.L6470_PrepareGoHome  l6470.o
    0x080033d4   0x080033d4   0x0000001c   Code   RO           34    i.L6470_PrepareGoMark  l6470.o
    0x080033f0   0x080033f0   0x00000020   Code   RO           35    i.L6470_PrepareGoTo  l6470.o
    0x08003410   0x08003410   0x00000020   Code   RO           36    i.L6470_PrepareGoToDir  l6470.o
    0x08003430   0x08003430   0x00000020   Code   RO           37    i.L6470_PrepareGoUntil  l6470.o
    0x08003450   0x08003450   0x0000001c   Code   RO           38    i.L6470_PrepareHardHiZ  l6470.o
    0x0800346c   0x0800346c   0x0000001c   Code   RO           39    i.L6470_PrepareHardStop  l6470.o
    0x08003488   0x08003488   0x00000020   Code   RO           40    i.L6470_PrepareMove  l6470.o
    0x080034a8   0x080034a8   0x00000020   Code   RO           41    i.L6470_PrepareReleaseSW  l6470.o
    0x080034c8   0x080034c8   0x0000001c   Code   RO           42    i.L6470_PrepareResetDevice  l6470.o
    0x080034e4   0x080034e4   0x0000001c   Code   RO           43    i.L6470_PrepareResetPos  l6470.o
    0x08003500   0x08003500   0x00000020   Code   RO           44    i.L6470_PrepareRun  l6470.o
    0x08003520   0x08003520   0x00000020   Code   RO           45    i.L6470_PrepareSetParam  l6470.o
    0x08003540   0x08003540   0x0000001c   Code   RO           46    i.L6470_PrepareSoftHiZ  l6470.o
    0x0800355c   0x0800355c   0x0000001c   Code   RO           47    i.L6470_PrepareSoftStop  l6470.o
    0x08003578   0x08003578   0x00000020   Code   RO           48    i.L6470_PrepareStepClock  l6470.o
    0x08003598   0x08003598   0x00000038   Code   RO           49    i.L6470_ReleaseSW   l6470.o
    0x080035d0   0x080035d0   0x0000002a   Code   RO           50    i.L6470_ResetAppCmdPkg  l6470.o
    0x080035fa   0x080035fa   0x00000002   PAD
    0x080035fc   0x080035fc   0x00000034   Code   RO           51    i.L6470_ResetDevice  l6470.o
    0x08003630   0x08003630   0x00000034   Code   RO           52    i.L6470_ResetPos    l6470.o
    0x08003664   0x08003664   0x00000038   Code   RO           53    i.L6470_Run         l6470.o
    0x0800369c   0x0800369c   0x00000038   Code   RO           54    i.L6470_SetParam    l6470.o
    0x080036d4   0x080036d4   0x00000034   Code   RO           55    i.L6470_SoftHiZ     l6470.o
    0x08003708   0x08003708   0x00000034   Code   RO           56    i.L6470_SoftStop    l6470.o
    0x0800373c   0x0800373c   0x00000038   Code   RO           57    i.L6470_StepClock   l6470.o
    0x08003774   0x08003774   0x00000002   Code   RO         3877    i.MX_GPIO_Init      xnucleoihm02a1_interface.o
    0x08003776   0x08003776   0x00000002   PAD
    0x08003778   0x08003778   0x00000094   Code   RO         3878    i.MX_SPI1_Init      xnucleoihm02a1_interface.o
    0x0800380c   0x0800380c   0x00000008   Code   RO         3880    i.MX_SPI_Init       xnucleoihm02a1_interface.o
    0x08003814   0x08003814   0x00000b20   Code   RO         4199    i.MicrosteppingMotor_Example_01  example.o
    0x08004334   0x08004334   0x00000014   Code   RO         3882    i.NUCLEO_Board_Init  xnucleoihm02a1_interface.o
    0x08004348   0x08004348   0x00000010   Code   RO         1060    i.NVIC_GetPriorityGrouping  stm32f4xx_hal_cortex.o
    0x08004358   0x08004358   0x00000028   Code   RO         1061    i.NVIC_SetPriority  stm32f4xx_hal_cortex.o
    0x08004380   0x08004380   0x00000114   Code   RO         1530    i.SPI_WaitOnFlagUntilTimeout  stm32f4xx_hal_spi.o
    0x08004494   0x08004494   0x00000030   Code   RO           65    i.Step_s2_2_Acc     l6470.o
    0x080044c4   0x080044c4   0x00000030   Code   RO           66    i.Step_s2_2_Dec     l6470.o
    0x080044f4   0x080044f4   0x00000054   Code   RO           67    i.Step_s_2_FsSpd    l6470.o
    0x08004548   0x08004548   0x00000030   Code   RO           68    i.Step_s_2_IntSpeed  l6470.o
    0x08004578   0x08004578   0x00000030   Code   RO           69    i.Step_s_2_MaxSpeed  l6470.o
    0x080045a8   0x080045a8   0x00000030   Code   RO           70    i.Step_s_2_MinSpeed  l6470.o
    0x080045d8   0x080045d8   0x0000000c   Code   RO         4019    i.SysTick_Handler   stm32f4xx_it.o
    0x080045e4   0x080045e4   0x00000098   Code   RO         3883    i.SystemClock_Config  xnucleoihm02a1_interface.o
    0x0800467c   0x0800467c   0x00000064   Code   RO         4571    i.SystemInit        system_stm32f4xx.o
    0x080046e0   0x080046e0   0x00000048   Code   RO         1889    i.UART_EndTransmit_IT  stm32f4xx_hal_uart.o
    0x08004728   0x08004728   0x000000bc   Code   RO         1890    i.UART_Receive_IT   stm32f4xx_hal_uart.o
    0x080047e4   0x080047e4   0x00000070   Code   RO         1892    i.UART_Transmit_IT  stm32f4xx_hal_uart.o
    0x08004854   0x08004854   0x000000fa   Code   RO         1893    i.UART_WaitOnFlagUntilTimeout  stm32f4xx_hal_uart.o
    0x0800494e   0x0800494e   0x00000002   PAD
    0x08004950   0x08004950   0x00000014   Code   RO         4020    i.USART2_IRQHandler  stm32f4xx_it.o
    0x08004964   0x08004964   0x0000007c   Code   RO         4082    i.USART_ITCharManager  example_usart.o
    0x080049e0   0x080049e0   0x00000028   Code   RO         4086    i.USART_Transmit    example_usart.o
    0x08004a08   0x08004a08   0x00000030   Code   RO         4720    i.__ARM_fpclassify  m_wm.l(fpclassify.o)
    0x08004a38   0x08004a38   0x00000358   Code   RO         4611    i.__hardfp_acos     m_wm.l(acos.o)
    0x08004d90   0x08004d90   0x00000360   Code   RO         4625    i.__hardfp_asin     m_wm.l(asin.o)
    0x080050f0   0x080050f0   0x000002d8   Code   RO         4639    i.__hardfp_atan     m_wm.l(atan.o)
    0x080053c8   0x080053c8   0x00000014   Code   RO         4653    i.__hardfp_fabs     m_wm.l(fabs.o)
    0x080053dc   0x080053dc   0x00000004   PAD
    0x080053e0   0x080053e0   0x00000c50   Code   RO         4659    i.__hardfp_pow      m_wm.l(pow.o)
    0x08006030   0x08006030   0x0000007a   Code   RO         4673    i.__hardfp_sqrt     m_wm.l(sqrt.o)
    0x080060aa   0x080060aa   0x000000f8   Code   RO         4722    i.__kernel_poly     m_wm.l(poly.o)
    0x080061a2   0x080061a2   0x00000006   PAD
    0x080061a8   0x080061a8   0x00000030   Code   RO         4706    i.__mathlib_dbl_divzero  m_wm.l(dunder.o)
    0x080061d8   0x080061d8   0x00000014   Code   RO         4707    i.__mathlib_dbl_infnan  m_wm.l(dunder.o)
    0x080061ec   0x080061ec   0x00000014   Code   RO         4708    i.__mathlib_dbl_infnan2  m_wm.l(dunder.o)
    0x08006200   0x08006200   0x00000020   Code   RO         4709    i.__mathlib_dbl_invalid  m_wm.l(dunder.o)
    0x08006220   0x08006220   0x00000020   Code   RO         4710    i.__mathlib_dbl_overflow  m_wm.l(dunder.o)
    0x08006240   0x08006240   0x00000020   Code   RO         4712    i.__mathlib_dbl_underflow  m_wm.l(dunder.o)
    0x08006260   0x08006260   0x0000000e   Code   RO         4771    i.__scatterload_copy  mc_w.l(handlers.o)
    0x0800626e   0x0800626e   0x00000002   Code   RO         4772    i.__scatterload_null  mc_w.l(handlers.o)
    0x08006270   0x08006270   0x0000000e   Code   RO         4773    i.__scatterload_zeroinit  mc_w.l(handlers.o)
    0x0800627e   0x0800627e   0x00000002   PAD
    0x08006280   0x08006280   0x0000000c   Code   RO         4747    i.__set_errno       mc_w.l(errno.o)
    0x0800628c   0x0800628c   0x00000050   Code   RO         4200    i.angle_to_steps    example.o
    0x080062dc   0x080062dc   0x00000002   Code   RO         4505    i.assert_failed     main.o
    0x080062de   0x080062de   0x00000002   PAD
    0x080062e0   0x080062e0   0x000000cc   Code   RO         4201    i.calc_L            example.o
    0x080063ac   0x080063ac   0x00000080   Code   RO         4202    i.calc_alpha        example.o
    0x0800642c   0x0800642c   0x00000158   Code   RO         4203    i.calc_beta         example.o
    0x08006584   0x08006584   0x000000fc   Code   RO         4204    i.calc_gamma        example.o
    0x08006680   0x08006680   0x00000018   Code   RO         4655    i.fabs              m_wm.l(fabs.o)
    0x08006698   0x08006698   0x00000012   Code   RO         4205    i.find_Dir_beta     example.o
    0x080066aa   0x080066aa   0x00000002   PAD
    0x080066ac   0x080066ac   0x0000004c   Code   RO         4206    i.gripper_angle_to_steps  example.o
    0x080066f8   0x080066f8   0x00000064   Code   RO           72    i.mA_2_OcdTh        l6470.o
    0x0800675c   0x0800675c   0x00000064   Code   RO           73    i.mA_2_StallTh      l6470.o
    0x080067c0   0x080067c0   0x0000002c   Code   RO         4506    i.main              main.o
    0x080067ec   0x080067ec   0x00000030   Code   RO           74    i.s_Step_2_FnSlpAcc  l6470.o
    0x0800681c   0x0800681c   0x00000030   Code   RO           75    i.s_Step_2_FnSlpDec  l6470.o
    0x0800684c   0x0800684c   0x00000030   Code   RO           76    i.s_Step_2_StSlp    l6470.o
    0x0800687c   0x0800687c   0x0000006e   Code   RO         4675    i.sqrt              m_wm.l(sqrt.o)
    0x080068ea   0x080068ea   0x00000002   PAD
    0x080068ec   0x080068ec   0x0000031a   Data   RO           78    .constdata          l6470.o
    0x08006c06   0x08006c06   0x00000010   Data   RO          702    .constdata          stm32f4xx_hal_rcc.o
    0x08006c16   0x08006c16   0x00000002   PAD
    0x08006c18   0x08006c18   0x000002c0   Data   RO         4553    .constdata          params.o
    0x08006ed8   0x08006ed8   0x00000050   Data   RO         4614    .constdata          m_wm.l(acos.o)
    0x08006f28   0x08006f28   0x00000050   Data   RO         4628    .constdata          m_wm.l(asin.o)
    0x08006f78   0x08006f78   0x00000098   Data   RO         4642    .constdata          m_wm.l(atan.o)
    0x08007010   0x08007010   0x00000088   Data   RO         4662    .constdata          m_wm.l(pow.o)
    0x08007098   0x08007098   0x00000008   Data   RO         4724    .constdata          m_wm.l(qnan.o)
    0x080070a0   0x080070a0   0x00000020   Data   RO         4769    Region$$Table       anon$$obj.o


    Execution Region RW_IRAM1 (Exec base: 0x20000000, Load base: 0x080070c0, Size: 0x00000a70, Max: 0x00018000, ABSOLUTE, COMPRESSED[0x0000013c])

    Exec Addr    Load Addr    Size         Type   Attr      Idx    E Section Name        Object

    0x20000000   COMPRESSED   0x000000ad   Data   RW           79    .data               l6470.o
    0x200000ad   COMPRESSED   0x00000003   PAD
    0x200000b0   COMPRESSED   0x00000004   Data   RW          814    .data               stm32f4xx_hal.o
    0x200000b4   COMPRESSED   0x000002d8   Data   RW         3629    .data               xnucleoihm02a1.o
    0x2000038c   COMPRESSED   0x00000004   Data   RW         4573    .data               system_stm32f4xx.o
    0x20000390   COMPRESSED   0x00000004   Data   RW         4748    .data               mc_w.l(errno.o)
    0x20000394        -       0x00000020   Zero   RW           77    .bss                l6470.o
    0x200003b4        -       0x00000018   Zero   RW         3628    .bss                xnucleoihm02a1.o
    0x200003cc        -       0x000000f4   Zero   RW         3885    .bss                xnucleoihm02a1_interface.o
    0x200004c0        -       0x00000103   Zero   RW         4091    .bss                example_usart.o
    0x200005c3   COMPRESSED   0x00000001   PAD
    0x200005c4        -       0x000000ac   Zero   RW         4207    .bss                example.o
    0x20000670        -       0x00000400   Zero   RW         4604    STACK               startup_stm32f401xe.o


==============================================================================

Image component sizes


      Code (inc. data)   RO Data    RW Data    ZI Data      Debug   Object Name

      3950        166          0          0        172     205696   example.o
       164          4          0          0        259       4007   example_usart.o
      4062        516        794        173         32     277411   l6470.o
        46          8          0          0          0       1555   main.o
         8          4        704          0          0       1209   params.o
        36          8        404          0       1024        904   startup_stm32f401xe.o
       150         16          0          4          0       4578   stm32f4xx_hal.o
       690        284          0          0          0      33013   stm32f4xx_hal_cortex.o
      1194        248          0          0          0       5007   stm32f4xx_hal_gpio.o
       300         20          0          0          0       1944   stm32f4xx_hal_msp.o
      2784        190         16          0          0       6204   stm32f4xx_hal_rcc.o
      1684        122          0          0          0       4025   stm32f4xx_hal_spi.o
      1156          0          0          0          0       7891   stm32f4xx_hal_uart.o
       100          8          0          0          0       3410   stm32f4xx_it.o
       100         18          0          4          0       1517   system_stm32f4xx.o
      1404         96          0        728         24      31983   xnucleoihm02a1.o
       330         24          0          0        244       4521   xnucleoihm02a1_interface.o

    ----------------------------------------------------------------------
     18176       1732       1952        912       1756     594875   Object Totals
         0          0         32          0          0          0   (incl. Generated)
        18          0          2          3          1          0   (incl. Padding)

    ----------------------------------------------------------------------

      Code (inc. data)   RO Data    RW Data    ZI Data      Debug   Library Member Name

       856        118         80          0          0        288   acos.o
       864         94         80          0          0        280   asin.o
       728        106        152          0          0        228   atan.o
       184         44          0          0          0        744   dunder.o
        44          0          0          0          0        248   fabs.o
        48          0          0          0          0        124   fpclassify.o
       248          0          0          0          0        152   poly.o
      3152        296        136          0          0        352   pow.o
         0          0          8          0          0          0   qnan.o
       232          0          0          0          0        296   sqrt.o
        86          0          0          0          0          0   __dczerorl2.o
         0          0          0          0          0          0   entry.o
         0          0          0          0          0          0   entry10a.o
         0          0          0          0          0          0   entry11a.o
         8          4          0          0          0          0   entry2.o
         4          0          0          0          0          0   entry5.o
         0          0          0          0          0          0   entry7b.o
         0          0          0          0          0          0   entry8b.o
         8          4          0          0          0          0   entry9a.o
        12          6          0          4          0         68   errno.o
        30          0          0          0          0          0   handlers.o
        36          8          0          0          0         68   init.o
         0          0          0          0          0          0   iusefp.o
        30          0          0          0          0         68   llshl.o
        36          0          0          0          0         68   llsshr.o
        32          0          0          0          0         68   llushr.o
        48          0          0          0          0         68   cdcmple.o
        48          0          0          0          0         68   cdrcmple.o
        56          0          0          0          0         88   d2f.o
       334          0          0          0          0        148   dadd.o
       222          0          0          0          0        100   ddiv.o
       186          0          0          0          0        176   depilogue.o
        62          0          0          0          0         80   dfixi.o
        50          0          0          0          0         76   dfixui.o
        34          0          0          0          0         76   dflti.o
       228          0          0          0          0         96   dmul.o
        46          0          0          0          0         80   dscalb.o
       162          0          0          0          0        100   dsqrt.o
        38          0          0          0          0         68   f2d.o
       110          0          0          0          0        168   fepilogue.o

    ----------------------------------------------------------------------
      8280        680        456          4          0       4444   Library Totals
        18          0          0          0          0          0   (incl. Padding)

    ----------------------------------------------------------------------

      Code (inc. data)   RO Data    RW Data    ZI Data      Debug   Library Name

      6356        658        456          0          0       2712   m_wm.l
       282         22          0          4          0        340   mc_w.l
      1624          0          0          0          0       1392   mf_w.l

    ----------------------------------------------------------------------
      8280        680        456          4          0       4444   Library Totals

    ----------------------------------------------------------------------

==============================================================================


      Code (inc. data)   RO Data    RW Data    ZI Data      Debug   

     26456       2412       2408        916       1756     582071   Grand Totals
     26456       2412       2408        316       1756     582071   ELF Image Totals (compressed)
     26456       2412       2408        316          0          0   ROM Totals

==============================================================================

    Total RO  Size (Code + RO Data)                28864 (  28.19kB)
    Total RW  Size (RW Data + ZI Data)              2672 (   2.61kB)
    Total ROM Size (Code + RO Data + RW Data)      29180 (  28.50kB)

==============================================================================

